Microchip MPLAB XC8 Compiler V2.50

Linker command line:

-W-3 \
  --edf=C:\Program Files\Microchip\xc8\v2.50\pic\dat\20240725155939_en.msgs \
  -cn -h+dist/default/production\Lista_10_-_A.production.sym \
  --cmf=dist/default/production\Lista_10_-_A.production.cmf -z -Q16F877 \
  -oC:\Users\GUILHE~1\AppData\Local\Temp\xcAs3m8.\driver_tmp_3.o \
  --defsym=__MPLAB_BUILD=1 --fixupoverflow=error \
  -Mdist/default/production/Lista_10_-_A.production.map \
  --md=C:\Users\GUILHE~1\AppData\Local\Temp\xcAs3m8.\driver_tmp_0.dat -E1 \
  -ver=XC8 Compiler --acfsm=1493 -ACODE=00h-07FFhx4 -ASTRCODE=00h-01FFFh \
  -ASTRING=00h-0FFhx32 -ACONST=00h-0FFhx32 -AENTRY=00h-0FFhx32 \
  -ACOMMON=070h-07Fh -ABANK0=020h-06Fh -ABANK1=0A0h-0EFh \
  -ABANK2=0110h-016Fh -ABANK3=0190h-01EFh \
  -ARAM=020h-06Fh,0A0h-0EFh,0110h-016Fh,0190h-01EFh \
  -AABS1=020h-07Fh,0A0h-0EFh,0110h-016Fh,0190h-01EFh -ASFR0=00h-01Fh \
  -ASFR1=080h-09Fh -ASFR2=0100h-010Fh -ASFR3=0180h-018Fh \
  -ACONFIG=02007h-02007h -DCONFIG=2 -AIDLOC=02000h-02003h -DIDLOC=2 \
  -AEEDATA=00h-0FFh/02100h -peeprom_data=EEDATA -DEEDATA=2 -DCODE=2 \
  -DSTRCODE=2 -DSTRING=2 -DCONST=2 -DENTRY=2 \
  -preset_vec=00h,intentry=04h,sivt,init,end_init -ppowerup=CODE \
  -pcinit=CODE -pfunctab=ENTRY -k \
  C:\Users\GUILHE~1\AppData\Local\Temp\xcAs3m8.\driver_tmp_17.o \
  dist/default/production\Lista_10_-_A.production.o 

Object code version is 3.11

Machine type is 16F877



                Name                               Link     Load   Length Selector   Space Scale
C:\Users\GUILHE~1\AppData\Local\Temp\xcAs3m8.\driver_tmp_17.o
                end_init                              C        C        3        8       0
                reset_vec                             0        0        3        0       0
                config                             2007     2007        1        0       4
dist/default/production\Lista_10_-_A.production.o
                cinit                                 F        F       1C        8       0
                intentry                              4        4        8        8       0
                text6_split_1                        2B       2B      523        8       0
                config                             2007     2007        1        0       4
                text34                             1E95     1E95       10     3D2A       0
                text33                              800      800       B6     1000       0
                text32                              7F7      7F7        9        8       0
                text31                             1E86     1E86        7     3D0C       0
                text30                             1297     1297       A2     252E       0
                text29                             1038     1038       2E     2070       0
                text28                             1EB7     1EB7       14     3D6E       0
                text27                             1339     1339       A2     2672       0
                text26                             1F86     1F86       26     3F0C       0
                text25                             1EA5     1EA5       12     3D4A       0
                text24                             1636     1636      1CA     2C6C       0
                text23                             10A4     10A4       50     2148       0
                text22                             13DB     13DB       A4     27B6       0
                text21                             1FAC     1FAC       29     3F58       0
                text20                              CBE      CBE      342     197C       0
                text19                             1002     1002        B     2004       0
                text18                              54E      54E      250        8       0
                text17                             1F3D     1F3D       24     3E7A       0
                text16                             10F4     10F4       76     21E8       0
                text15                             116A     116A       8D     22D4       0
                text14                              8B6      8B6      10F     116C       0
                text13                             1ECB     1ECB       15     3D96       0
                text12                             1EF9     1EF9       21     3DF2       0
                text11                                3        3        1        0       0
                text10                             11F7     11F7       A0     23EE       0
                text9                              1FD5     1FD5       2B     3FAA       0
                text8                              1066     1066       3E     20CC       0
                text7                              1EE0     1EE0       19     3DC0       0
                text6                               9C5      9C5      2F9     138A       0
                text5                              1F61     1F61       25     3EC2       0
                text4                               79E      79E       59        8       0
                text3                              1545     1545       F1     2A8A       0
                text2                              1F1A     1F1A       23     3E34       0
                text1                              100D     100D       2B     201A       0
                maintext                           147F     147F       C6     28FE       0
                cstackBANK0                          20       20       50       20       1
                cstackCOMMON                         70       70        A       70       1
                cstackBANK1                          A0       A0       4D       A0       1
                cstackBANK3                         1A9      1A9       12      190       1
                clrtext                            1E8D     1E8D        8     3D1A       0
                bssBANK2                            110      110       50      110       1
                bssBANK3                            190      190       19      190       1
                bssBANK1                             ED       ED        3       A0       1
                bssCOMMON                            7A       7A        2       70       1
                strings                            1800     1800       2A     3000       0

TOTAL           Name                               Link     Load   Length     Space
        CLASS   CODE           
                end_init                              C        C        3         0
                cinit                                 F        F       1C         0
                intentry                              4        4        8         0
                reset_vec                             0        0        3         0
                text6_split_1                        2B       2B      523         0
                text34                             1E95     1E95       10         0
                text33                              800      800       B6         0
                text32                              7F7      7F7        9         0
                text31                             1E86     1E86        7         0
                text30                             1297     1297       A2         0
                text29                             1038     1038       2E         0
                text28                             1EB7     1EB7       14         0
                text27                             1339     1339       A2         0
                text26                             1F86     1F86       26         0
                text25                             1EA5     1EA5       12         0
                text24                             1636     1636      1CA         0
                text23                             10A4     10A4       50         0
                text22                             13DB     13DB       A4         0
                text21                             1FAC     1FAC       29         0
                text20                              CBE      CBE      342         0
                text19                             1002     1002        B         0
                text18                              54E      54E      250         0
                text17                             1F3D     1F3D       24         0
                text16                             10F4     10F4       76         0
                text15                             116A     116A       8D         0
                text14                              8B6      8B6      10F         0
                text13                             1ECB     1ECB       15         0
                text12                             1EF9     1EF9       21         0
                text11                                3        3        1         0
                text10                             11F7     11F7       A0         0
                text9                              1FD5     1FD5       2B         0
                text8                              1066     1066       3E         0
                text7                              1EE0     1EE0       19         0
                text6                               9C5      9C5      2F9         0
                text5                              1F61     1F61       25         0
                text4                               79E      79E       59         0
                text3                              1545     1545       F1         0
                text2                              1F1A     1F1A       23         0
                text1                              100D     100D       2B         0
                maintext                           147F     147F       C6         0
                clrtext                            1E8D     1E8D        8         0

        CLASS   STRCODE        

        CLASS   STRING         
                strings                            1800     1800       2A         0

        CLASS   CONST          

        CLASS   ENTRY          

        CLASS   COMMON         
                cstackCOMMON                         70       70        A         1
                bssCOMMON                            7A       7A        2         1

        CLASS   BANK0          
                cstackBANK0                          20       20       50         1

        CLASS   BANK1          
                cstackBANK1                          A0       A0       4D         1
                bssBANK1                             ED       ED        3         1

        CLASS   BANK2          
                bssBANK2                            110      110       50         1

        CLASS   BANK3          
                cstackBANK3                         1A9      1A9       12         1
                bssBANK3                            190      190       19         1

        CLASS   RAM            

        CLASS   ABS1           
                abs_s1                               7E       7E        2         1

        CLASS   SFR0           

        CLASS   SFR1           

        CLASS   SFR2           

        CLASS   SFR3           

        CLASS   CONFIG         
                config                             2007     2007        1         4

        CLASS   IDLOC          

        CLASS   EEDATA         

        CLASS   HEAP           

        CLASS   STACK          



SEGMENTS        Name                           Load    Length   Top    Selector   Space  Class     Delta

                reset_vec                      000000  000004  000004         0       0  CODE        2
                intentry                       000004  0007FC  000800         8       0  CODE        2
                cstackBANK0                    000020  000050  000070        20       1  BANK0       1
                cstackCOMMON                   000070  00000C  00007C        70       1  COMMON      1
                cstackBANK1                    0000A0  000050  0000F0        A0       1  BANK1       1
                bssBANK2                       000110  000050  000160       110       1  BANK2       1
                bssBANK3                       000190  00002B  0001BB       190       1  BANK3       1
                text33                         000800  0000B6  0008B6      1000       0  CODE        2
                text14                         0008B6  00010F  0009C5      116C       0  CODE        2
                text6                          0009C5  0002F9  000CBE      138A       0  CODE        2
                text20                         000CBE  000342  001000      197C       0  CODE        2
                text19                         001002  00000B  00100D      2004       0  CODE        2
                text1                          00100D  00002B  001038      201A       0  CODE        2
                text29                         001038  00002E  001066      2070       0  CODE        2
                text8                          001066  00003E  0010A4      20CC       0  CODE        2
                text23                         0010A4  000050  0010F4      2148       0  CODE        2
                text16                         0010F4  000076  00116A      21E8       0  CODE        2
                text15                         00116A  00008D  0011F7      22D4       0  CODE        2
                text10                         0011F7  0000A0  001297      23EE       0  CODE        2
                text30                         001297  0000A2  001339      252E       0  CODE        2
                text27                         001339  0000A2  0013DB      2672       0  CODE        2
                text22                         0013DB  0000A4  00147F      27B6       0  CODE        2
                maintext                       00147F  0000C6  001545      28FE       0  CODE        2
                text3                          001545  0000F1  001636      2A8A       0  CODE        2
                text24                         001636  0001CA  001800      2C6C       0  CODE        2
                strings                        001800  00002A  00182A      3000       0  STRING      2
                text31                         001E86  000007  001E8D      3D0C       0  CODE        2
                clrtext                        001E8D  000008  001E95      3D1A       0  CODE        2
                text34                         001E95  000010  001EA5      3D2A       0  CODE        2
                text25                         001EA5  000012  001EB7      3D4A       0  CODE        2
                text28                         001EB7  000014  001ECB      3D6E       0  CODE        2
                text13                         001ECB  000015  001EE0      3D96       0  CODE        2
                text7                          001EE0  000019  001EF9      3DC0       0  CODE        2
                text12                         001EF9  000021  001F1A      3DF2       0  CODE        2
                text2                          001F1A  000023  001F3D      3E34       0  CODE        2
                text17                         001F3D  000024  001F61      3E7A       0  CODE        2
                text5                          001F61  000025  001F86      3EC2       0  CODE        2
                text26                         001F86  000026  001FAC      3F0C       0  CODE        2
                text21                         001FAC  000029  001FD5      3F58       0  CODE        2
                text9                          001FD5  00002B  002000      3FAA       0  CODE        2


UNUSED ADDRESS RANGES

        Name                Unused          Largest block    Delta
        BANK2            000160-00016F               10           1
        BANK3            0001BB-0001EF               35           1
        CODE             001000-001001                2           2
                         00182A-001E85              65C
        COMMON           00007C-00007D                2           1
        CONST            001000-001001                2           2
                         00182A-001E85              100
        EEDATA           002100-0021FF              100           2
        ENTRY            001000-001001                2           2
                         00182A-001E85              100
        IDLOC            002000-002003                4           2
        RAM              000160-00016F               10           1
                         0001BB-0001EF               35
        SFR0             000000-00001F               20           1
        SFR1             000080-00009F               20           1
        SFR2             000100-00010F               10           1
        SFR3             000180-00018F               10           1
        STRCODE          001000-001001                2           2
                         00182A-001E85              65C
        STRING           001000-001001                2           2
                         00182A-001E85              100

                                  Symbol Table

?__Umul8_16                      cstackCOMMON 000072
?___fladd                        cstackCOMMON 000072
?___fldiv                        cstackBANK0  000040
?___flmul                        cstackBANK0  000026
?___flneg                        cstackCOMMON 000072
?___flsub                        cstackBANK0  000040
?___fltol                        cstackCOMMON 000072
?___fpclassifyf                  cstackCOMMON 000072
?___wmul                         cstackCOMMON 000072
?___xxtofl                       cstackCOMMON 000072
?_floorf                         cstackBANK0  00005A
?_labs                           cstackCOMMON 000072
?_read_adc                       cstackCOMMON 000072
?_read_prec_or_width             cstackCOMMON 000078
?_sprintf                        cstackBANK1  0000E6
?_vfprintf                       cstackBANK1  0000E1
_ADCON0                          (abs)        00001F
_ADCON0bits                      (abs)        00001F
_ADCON1                          (abs)        00009F
_ADRESH                          (abs)        00001E
_ADRESL                          (abs)        00009E
_INTCONbits                      (abs)        00000B
_OPTION_REGbits                  (abs)        000081
_PORTDbits                       (abs)        000008
_PORTEbits                       (abs)        000009
_TRISA                           (abs)        000085
_TRISBbits                       (abs)        000086
_TRISD                           (abs)        000088
_TRISE                           (abs)        000089
__H__absolute__                  __absolute__ 000000
__Habs1                          abs1         000000
__Hbank0                         bank0        000000
__Hbank1                         bank1        000000
__Hbank2                         bank2        000000
__Hbank3                         bank3        000000
__HbssBANK1                      bssBANK1     000000
__HbssBANK2                      bssBANK2     000000
__HbssBANK3                      bssBANK3     000000
__HbssCOMMON                     bssCOMMON    000000
__Hcinit                         cinit        00002B
__Hclrtext                       clrtext      000000
__Hcode                          code         000000
__Hcommon                        common       000000
__Hconfig                        config       002008
__HcstackBANK0                   cstackBANK0  000000
__HcstackBANK1                   cstackBANK1  000000
__HcstackBANK3                   cstackBANK3  000000
__HcstackCOMMON                  cstackCOMMON 000000
__Heeprom_data                   eeprom_data  000000
__Hend_init                      end_init     00000F
__Hfunctab                       functab      000000
__Hheap                          heap         000000
__Hinit                          init         00000C
__Hintentry                      intentry     00000C
__Hmaintext                      maintext     000000
__Hpowerup                       powerup      000000
__Hram                           ram          000000
__Hreset_vec                     reset_vec    000003
__Hsfr0                          sfr0         000000
__Hsfr1                          sfr1         000000
__Hsfr2                          sfr2         000000
__Hsfr3                          sfr3         000000
__Hsivt                          sivt         00000C
__Hspace_0                       (abs)        002000
__Hspace_1                       (abs)        0001BB
__Hspace_2                       (abs)        000000
__Hspace_3                       (abs)        000000
__Hspace_4                       (abs)        00400F
__Hstack                         stack        000000
__Hstrings                       strings      000000
__Htext                          text         000000
__L__absolute__                  __absolute__ 000000
__Labs1                          abs1         000000
__Lbank0                         bank0        000000
__Lbank1                         bank1        000000
__Lbank2                         bank2        000000
__Lbank3                         bank3        000000
__LbssBANK1                      bssBANK1     000000
__LbssBANK2                      bssBANK2     000000
__LbssBANK3                      bssBANK3     000000
__LbssCOMMON                     bssCOMMON    000000
__Lcinit                         cinit        00000F
__Lclrtext                       clrtext      000000
__Lcode                          code         000000
__Lcommon                        common       000000
__Lconfig                        config       000000
__LcstackBANK0                   cstackBANK0  000000
__LcstackBANK1                   cstackBANK1  000000
__LcstackBANK3                   cstackBANK3  000000
__LcstackCOMMON                  cstackCOMMON 000000
__Leeprom_data                   eeprom_data  000000
__Lend_init                      end_init     00000C
__Lfunctab                       functab      000000
__Lheap                          heap         000000
__Linit                          init         00000C
__Lintentry                      intentry     000004
__Lmaintext                      maintext     000000
__Lpowerup                       powerup      000000
__Lram                           ram          000000
__Lreset_vec                     reset_vec    000000
__Lsfr0                          sfr0         000000
__Lsfr1                          sfr1         000000
__Lsfr2                          sfr2         000000
__Lsfr3                          sfr3         000000
__Lsivt                          sivt         00000C
__Lspace_0                       (abs)        000000
__Lspace_1                       (abs)        000000
__Lspace_2                       (abs)        000000
__Lspace_3                       (abs)        000000
__Lspace_4                       (abs)        000000
__Lstack                         stack        000000
__Lstrings                       strings      000000
__Ltext                          text         000000
__S0                             (abs)        002000
__S1                             (abs)        0001BB
__S3                             (abs)        000000
__Umul8_16                       text21       001FAC
__Umul8_16@multiplicand          cstackCOMMON 000072
__Umul8_16@multiplier            cstackBANK0  000024
__Umul8_16@product               cstackBANK0  000020
__Umul8_16@word_mpld             cstackBANK0  000022
___fladd                         text18       00054E
___fladd@a                       cstackCOMMON 000076
___fladd@aexp                    cstackBANK0  000029
___fladd@b                       cstackCOMMON 000072
___fladd@bexp                    cstackBANK0  00002A
___fladd@grs                     cstackBANK0  00002B
___fladd@signs                   cstackBANK0  000028
___fldiv                         text24       001636
___fldiv@a                       cstackBANK0  000040
___fldiv@aexp                    cstackBANK0  000059
___fldiv@b                       cstackBANK0  000044
___fldiv@bexp                    cstackBANK0  000058
___fldiv@grs                     cstackBANK0  000054
___fldiv@new_exp                 cstackBANK0  000052
___fldiv@rem                     cstackBANK0  00004D
___fldiv@sign                    cstackBANK0  000051
___fleq                          text23       0010A4
___fleq@ff1                      cstackCOMMON 000072
___fleq@ff2                      cstackCOMMON 000076
___flge                          text22       0013DB
___flge@ff1                      cstackBANK0  000040
___flge@ff2                      cstackBANK0  000044
___flmul                         text20       000CBE
___flmul@a                       cstackBANK0  00002A
___flmul@aexp                    cstackBANK0  000034
___flmul@b                       cstackBANK0  000026
___flmul@bexp                    cstackBANK0  000039
___flmul@grs                     cstackBANK0  000035
___flmul@prod                    cstackBANK0  00003A
___flmul@sign                    cstackBANK0  000033
___flmul@temp                    cstackBANK0  00003E
___flneg                         text19       001002
___flneg@f1                      cstackCOMMON 000072
___flsub                         text17       001F3D
___flsub@a                       cstackBANK0  000040
___flsub@b                       cstackBANK0  000044
___fltol                         text16       0010F4
___fltol@exp1                    cstackBANK0  000021
___fltol@f1                      cstackCOMMON 000072
___fltol@sign1                   cstackBANK0  000020
___fpclassifyf                   text15       00116A
___fpclassifyf@F465              bssBANK3     000194
___fpclassifyf@e                 cstackBANK0  000026
___fpclassifyf@u                 cstackBANK0  000028
___fpclassifyf@x                 cstackCOMMON 000072
___heap_hi                       (abs)        000000
___heap_lo                       (abs)        000000
___int_sp                        stack        000000
___int_stack_hi                  stack        000000
___int_stack_lo                  stack        000000
___latbits                       (abs)        000002
___sp                            stack        000000
___stack_hi                      stack        000000
___stack_lo                      stack        000000
___stackhi                       (abs)        000000
___stacklo                       (abs)        000000
___wmul                          text5        001F61
___wmul@multiplicand             cstackCOMMON 000074
___wmul@multiplier               cstackCOMMON 000072
___wmul@product                  cstackCOMMON 000076
___xxtofl                        text33       000800
___xxtofl@arg                    cstackBANK0  000022
___xxtofl@exp                    cstackBANK0  000021
___xxtofl@sign                   cstackBANK0  000020
___xxtofl@val                    cstackCOMMON 000072
__end_of__Umul8_16               text21       001FD5
__end_of___fladd                 text18       00079E
__end_of___fldiv                 text24       001800
__end_of___fleq                  text23       0010F4
__end_of___flge                  text22       00147F
__end_of___flmul                 text20       001000
__end_of___flneg                 text19       00100D
__end_of___flsub                 text17       001F61
__end_of___fltol                 text16       00116A
__end_of___fpclassifyf           text15       0011F7
__end_of___wmul                  text5        001F86
__end_of___xxtofl                text33       0008B6
__end_of__initialization         cinit        000027
__end_of__stringtab              strings      001810
__end_of_adc_initialise          text32       000800
__end_of_configurar_interrupcoes text31       001E8D
__end_of_efgtoa                  text6_split_1 00054E
__end_of_floorf                  text14       0009C5
__end_of_fputc                   text10       001297
__end_of_fputs                   text9        002000
__end_of_isr                     text34       001EA5
__end_of_labs                    text13       001EE0
__end_of_lcd_command             text30       001339
__end_of_lcd_data                text27       0013DB
__end_of_lcd_initialise          text29       001066
__end_of_lcd_set_cursor          text28       001ECB
__end_of_lcd_string              text26       001FAC
__end_of_main                    maintext     001545
__end_of_memcpy                  text12       001F1A
__end_of_pad                     text8        0010A4
__end_of_putch                   text11       000004
__end_of_read_adc                text25       001EB7
__end_of_read_prec_or_width      text4        0007F7
__end_of_sprintf                 text1        001038
__end_of_strcpy                  text7        001EF9
__end_of_vfpfcnvrt               text3        001636
__end_of_vfprintf                text2        001F3D
__initialization                 cinit        00000F
__pbssBANK1                      bssBANK1     0000ED
__pbssBANK2                      bssBANK2     000110
__pbssBANK3                      bssBANK3     000190
__pbssCOMMON                     bssCOMMON    00007A
__pcstackBANK0                   cstackBANK0  000020
__pcstackBANK1                   cstackBANK1  0000A0
__pcstackBANK3                   cstackBANK3  0001A9
__pcstackCOMMON                  cstackCOMMON 000070
__pintentry                      intentry     000004
__pmaintext                      maintext     00147F
__pstrings                       strings      001800
__ptext1                         text1        00100D
__ptext10                        text10       0011F7
__ptext11                        text11       000003
__ptext12                        text12       001EF9
__ptext13                        text13       001ECB
__ptext14                        text14       0008B6
__ptext15                        text15       00116A
__ptext16                        text16       0010F4
__ptext17                        text17       001F3D
__ptext18                        text18       00054E
__ptext19                        text19       001002
__ptext2                         text2        001F1A
__ptext20                        text20       000CBE
__ptext21                        text21       001FAC
__ptext22                        text22       0013DB
__ptext23                        text23       0010A4
__ptext24                        text24       001636
__ptext25                        text25       001EA5
__ptext26                        text26       001F86
__ptext27                        text27       001339
__ptext28                        text28       001EB7
__ptext29                        text29       001038
__ptext3                         text3        001545
__ptext30                        text30       001297
__ptext31                        text31       001E86
__ptext32                        text32       0007F7
__ptext33                        text33       000800
__ptext34                        text34       001E95
__ptext4                         text4        00079E
__ptext5                         text5        001F61
__ptext6                         text6        0009C5
__ptext7                         text7        001EE0
__ptext8                         text8        001066
__ptext9                         text9        001FD5
__stringbase                     strings      00180F
__stringtab                      strings      001800
_adc_initialise                  text32       0007F7
_atualizar_LCD                   bssBANK3     000198
_buffer                          bssBANK3     000199
_configurar_interrupcoes         text31       001E86
_dbuf                            bssBANK2     000110
_efgtoa                          text6        0009C5
_efgtoa$843                      cstackBANK1  0000B1
_flags                           bssBANK1     0000EF
_floorf                          text14       0008B6
_fputc                           text10       0011F7
_fputs                           text9        001FD5
_isr                             text34       001E95
_labs                            text13       001ECB
_lcd_command                     text30       001297
_lcd_data                        text27       001339
_lcd_initialise                  text29       001038
_lcd_set_cursor                  text28       001EB7
_lcd_string                      text26       001F86
_main                            maintext     00147F
_memcpy                          text12       001EF9
_pad                             text8        001066
_prec                            bssBANK1     0000ED
_putch                           text11       000003
_read_adc                        text25       001EA5
_read_prec_or_width              text4        00079E
_sprintf                         text1        00100D
_strcpy                          text7        001EE0
_vfpfcnvrt                       text3        001545
_vfprintf                        text2        001F1A
_width                           bssCOMMON    00007A
btemp                            (abs)        00007E
clear_ram0                       clrtext      001E8D
efgtoa@c                         cstackBANK1  0000A6
efgtoa@d                         cstackBANK1  0000B6
efgtoa@e                         cstackBANK1  0000BA
efgtoa@f                         cstackBANK1  0000A2
efgtoa@fp                        cstackBANK1  0000A0
efgtoa@g                         cstackBANK1  0000CD
efgtoa@h                         cstackBANK1  0000C4
efgtoa@i                         cstackBANK1  0000C2
efgtoa@l                         cstackBANK1  0000C8
efgtoa@m                         cstackBANK1  0000B8
efgtoa@mode                      cstackBANK1  0000B4
efgtoa@n                         cstackBANK1  0000D1
efgtoa@ne                        cstackBANK1  0000AB
efgtoa@nmode                     cstackBANK1  0000B5
efgtoa@ou                        cstackBANK1  0000BE
efgtoa@p                         cstackBANK1  0000AD
efgtoa@pp                        cstackBANK1  0000B3
efgtoa@sign                      cstackBANK1  0000CC
efgtoa@t                         cstackBANK1  0000AF
efgtoa@u                         cstackBANK1  0000D3
efgtoa@w                         cstackBANK1  0000BC
end_of_initialization            cinit        000027
floorf@F521                      bssBANK3     000190
floorf@e                         cstackBANK0  000068
floorf@m                         cstackBANK0  000064
floorf@u                         cstackBANK0  00006A
floorf@x                         cstackBANK0  00005A
fputc@c                          cstackCOMMON 000072
fputc@fp                         cstackCOMMON 000074
fputs@c                          cstackBANK0  00002B
fputs@fp                         cstackCOMMON 000077
fputs@i                          cstackBANK0  00002C
fputs@s                          cstackCOMMON 000076
interrupt_function               intentry     000004
intlevel0                        functab      000000
intlevel1                        functab      000000
intlevel2                        functab      000000
intlevel3                        functab      000000
intlevel4                        functab      000000
intlevel5                        functab      000000
labs@a                           cstackCOMMON 000072
lcd_command@cmd                  cstackCOMMON 000074
lcd_data@data                    cstackCOMMON 000074
lcd_set_cursor@col               cstackCOMMON 000075
lcd_set_cursor@pos               cstackCOMMON 000077
lcd_set_cursor@row               cstackCOMMON 000076
lcd_string@str                   cstackCOMMON 000075
main@adc_value                   cstackBANK3  0001B9
main@voltage                     cstackBANK3  0001B5
memcpy@d                         cstackCOMMON 000077
memcpy@d1                        cstackCOMMON 000072
memcpy@n                         cstackCOMMON 000074
memcpy@s                         cstackCOMMON 000078
memcpy@s1                        cstackCOMMON 000073
memcpy@tmp                       cstackCOMMON 000076
pad@buf                          cstackBANK0  000030
pad@fp                           cstackBANK0  00002E
pad@i                            cstackBANK0  000033
pad@p                            cstackBANK0  000031
pnum$text6                       (abs)        000013
pnum$text6_split_1               (abs)        000032
psplit$0                         (abs)        130032
read_prec_or_width@ap            cstackCOMMON 000079
read_prec_or_width@c             cstackBANK0  000020
read_prec_or_width@fmt           cstackCOMMON 000078
read_prec_or_width@n             cstackBANK0  000021
reset_vec                        reset_vec    000000
saved_w                          (abs)        00007E
sprintf@ap                       cstackBANK3  0001A9
sprintf@f                        cstackBANK3  0001AA
sprintf@fmt                      cstackBANK1  0000E7
sprintf@s                        cstackBANK1  0000E6
start                            init         00000C
start_initialization             cinit        00000F
strcpy@d                         cstackCOMMON 000074
strcpy@dest                      cstackCOMMON 000072
strcpy@src                       cstackCOMMON 000073
vfpfcnvrt@ap                     cstackBANK1  0000DA
vfpfcnvrt@c                      cstackBANK1  0000DF
vfpfcnvrt@convarg                cstackBANK1  0000DB
vfpfcnvrt@cp                     cstackBANK1  0000E0
vfpfcnvrt@fmt                    cstackBANK1  0000D9
vfpfcnvrt@fp                     cstackBANK1  0000D7
vfprintf@ap                      cstackBANK1  0000E4
vfprintf@cfmt                    cstackBANK1  0000E5
vfprintf@fmt                     cstackBANK1  0000E3
vfprintf@fp                      cstackBANK1  0000E1
wtemp0                           (abs)        00007E


MODULE INFORMATION

Module		Function		Class		Link	Load	Size
C:\Program Files\Microchip\xc8\v2.50\pic\sources\c99\common\memcpy.c
		_memcpy        		CODE           	1EF9	0000	33

C:\Program Files\Microchip\xc8\v2.50\pic\sources\c99\common\memcpy.c estimated size: 33

C:\Program Files\Microchip\xc8\v2.50\pic\sources\c99\common\flneg.c
		___flneg       		CODE           	1002	0000	11

C:\Program Files\Microchip\xc8\v2.50\pic\sources\c99\common\flneg.c estimated size: 11

C:\Program Files\Microchip\xc8\v2.50\pic\sources\c99\common\Umul16.c
		___wmul        		CODE           	1F61	0000	37

C:\Program Files\Microchip\xc8\v2.50\pic\sources\c99\common\Umul16.c estimated size: 37

C:\Program Files\Microchip\xc8\v2.50\pic\sources\c99\common\nf_fputs.c
		_fputs         		CODE           	1FD5	0000	43

C:\Program Files\Microchip\xc8\v2.50\pic\sources\c99\common\nf_fputs.c estimated size: 43

C:\Program Files\Microchip\xc8\v2.50\pic\sources\c99\common\sprcmul.c
		___flmul       		CODE           	0CBE	0000	834

C:\Program Files\Microchip\xc8\v2.50\pic\sources\c99\common\sprcmul.c estimated size: 834

C:\Program Files\Microchip\xc8\v2.50\pic\sources\c99\common\sprcdiv.c
		___fldiv       		CODE           	1636	0000	458

C:\Program Files\Microchip\xc8\v2.50\pic\sources\c99\common\sprcdiv.c estimated size: 458

C:\Program Files\Microchip\xc8\v2.50\pic\sources\c99\common\floorf.c
		_floorf        		CODE           	08B6	0000	271

C:\Program Files\Microchip\xc8\v2.50\pic\sources\c99\common\floorf.c estimated size: 271

C:\Program Files\Microchip\xc8\v2.50\pic\sources\c99\common\putch.c
		_putch         		CODE           	0003	0000	1

C:\Program Files\Microchip\xc8\v2.50\pic\sources\c99\common\putch.c estimated size: 1

newmain.c
		_lcd_command   		CODE           	1297	0000	162
		_adc_initialise		CODE           	07F7	0000	9
		_lcd_data      		CODE           	1339	0000	162
		_configurar_interrupcoes		CODE           	1E86	0000	7
		_lcd_initialise		CODE           	1038	0000	46
		_main          		CODE           	147F	0000	198
		_lcd_set_cursor		CODE           	1EB7	0000	20
		_isr           		CODE           	1E95	0000	16
		_read_adc      		CODE           	1EA5	0000	18
		_lcd_string    		CODE           	1F86	0000	38

newmain.c estimated size: 676

C:\Program Files\Microchip\xc8\v2.50\pic\sources\c99\common\fleq.c
		___fleq        		CODE           	10A4	0000	80

C:\Program Files\Microchip\xc8\v2.50\pic\sources\c99\common\fleq.c estimated size: 80

C:\Program Files\Microchip\xc8\v2.50\pic\sources\c99\common\xxtofl.c
		___xxtofl      		CODE           	0800	0000	182

C:\Program Files\Microchip\xc8\v2.50\pic\sources\c99\common\xxtofl.c estimated size: 182

C:\Program Files\Microchip\xc8\v2.50\pic\sources\c99\common\Umul8_16.c
		__Umul8_16     		CODE           	1FAC	0000	41

C:\Program Files\Microchip\xc8\v2.50\pic\sources\c99\common\Umul8_16.c estimated size: 41

C:\Program Files\Microchip\xc8\v2.50\pic\sources\c99\common\__fpclassifyf.c
		___fpclassifyf 		CODE           	116A	0000	141

C:\Program Files\Microchip\xc8\v2.50\pic\sources\c99\common\__fpclassifyf.c estimated size: 141

C:\Program Files\Microchip\xc8\v2.50\pic\sources\c99\common\strcpy.c
		_strcpy        		CODE           	1EE0	0000	25

C:\Program Files\Microchip\xc8\v2.50\pic\sources\c99\common\strcpy.c estimated size: 25

C:\Program Files\Microchip\xc8\v2.50\pic\sources\c99\common\sprcadd.c
		___flsub       		CODE           	1F3D	0000	36
		___fladd       		CODE           	054E	0000	592

C:\Program Files\Microchip\xc8\v2.50\pic\sources\c99\common\sprcadd.c estimated size: 628

C:\Program Files\Microchip\xc8\v2.50\pic\sources\c99\common\nf_sprintf.c
		_sprintf       		CODE           	100D	0000	43

C:\Program Files\Microchip\xc8\v2.50\pic\sources\c99\common\nf_sprintf.c estimated size: 43

C:\Program Files\Microchip\xc8\v2.50\pic\sources\c99\common\nf_fputc.c
		_fputc         		CODE           	11F7	0000	160

C:\Program Files\Microchip\xc8\v2.50\pic\sources\c99\common\nf_fputc.c estimated size: 160

shared
		__stringtab    		STRING         	1800	0000	16
		__initialization		CODE           	000F	0000	24

shared estimated size: 40

C:\Program Files\Microchip\xc8\v2.50\pic\sources\c99\common\fltol.c
		___fltol       		CODE           	10F4	0000	118

C:\Program Files\Microchip\xc8\v2.50\pic\sources\c99\common\fltol.c estimated size: 118

C:\Program Files\Microchip\xc8\v2.50\pic\sources\c99\common\doprnt.c
		_read_prec_or_width		CODE           	079E	0000	89
		_vfpfcnvrt     		CODE           	1545	0000	241
		_efgtoa        		CODE           	09C5	0000	2076
		_pad           		CODE           	1066	0000	62
		_vfprintf      		CODE           	1F1A	0000	35

C:\Program Files\Microchip\xc8\v2.50\pic\sources\c99\common\doprnt.c estimated size: 2503

C:\Program Files\Microchip\xc8\v2.50\pic\sources\c99\common\labs.c
		_labs          		CODE           	1ECB	0000	21

C:\Program Files\Microchip\xc8\v2.50\pic\sources\c99\common\labs.c estimated size: 21

C:\Program Files\Microchip\xc8\v2.50\pic\sources\c99\common\flge.c
		___flge        		CODE           	13DB	0000	164

C:\Program Files\Microchip\xc8\v2.50\pic\sources\c99\common\flge.c estimated size: 164

