Microchip MPLAB XC8 Compiler V2.50

Linker command line:

-W-3 \
  --edf=C:\Program Files\Microchip\xc8\v2.50\pic\dat\20240725155939_en.msgs \
  -cn -h+dist/default/production\Lista_10_-_A.production.sym \
  --cmf=dist/default/production\Lista_10_-_A.production.cmf -z -Q16F877 \
  -oC:\Users\GUILHE~1\AppData\Local\Temp\xcAsc28.\driver_tmp_3.o \
  --defsym=__MPLAB_BUILD=1 --fixupoverflow=error \
  -Mdist/default/production/Lista_10_-_A.production.map \
  --md=C:\Users\GUILHE~1\AppData\Local\Temp\xcAsc28.\driver_tmp_0.dat -E1 \
  -ver=XC8 Compiler --acfsm=1493 -ACODE=00h-07FFhx4 -ASTRCODE=00h-01FFFh \
  -ASTRING=00h-0FFhx32 -ACONST=00h-0FFhx32 -AENTRY=00h-0FFhx32 \
  -ACOMMON=070h-07Fh -ABANK0=020h-06Fh -ABANK1=0A0h-0EFh \
  -ABANK2=0110h-016Fh -ABANK3=0190h-01EFh \
  -ARAM=020h-06Fh,0A0h-0EFh,0110h-016Fh,0190h-01EFh \
  -AABS1=020h-07Fh,0A0h-0EFh,0110h-016Fh,0190h-01EFh -ASFR0=00h-01Fh \
  -ASFR1=080h-09Fh -ASFR2=0100h-010Fh -ASFR3=0180h-018Fh \
  -ACONFIG=02007h-02007h -DCONFIG=2 -AIDLOC=02000h-02003h -DIDLOC=2 \
  -AEEDATA=00h-0FFh/02100h -peeprom_data=EEDATA -DEEDATA=2 -DCODE=2 \
  -DSTRCODE=2 -DSTRING=2 -DCONST=2 -DENTRY=2 \
  -preset_vec=00h,intentry=04h,sivt,init,end_init -ppowerup=CODE \
  -pcinit=CODE -pfunctab=ENTRY -k \
  C:\Users\GUILHE~1\AppData\Local\Temp\xcAsc28.\driver_tmp_17.o \
  dist/default/production\Lista_10_-_A.production.o 

Object code version is 3.11

Machine type is 16F877



                Name                               Link     Load   Length Selector   Space Scale
C:\Users\GUILHE~1\AppData\Local\Temp\xcAsc28.\driver_tmp_17.o
                end_init                             10       10        3        8       0
                reset_vec                             0        0        3        0       0
                config                             2007     2007        1        0       4
dist/default/production\Lista_10_-_A.production.o
                cinit                                13       13       1C        8       0
                intentry                              4        4        C        8       0
                text6_split_1                        2F       2F      614        8       0
                config                             2007     2007        1        0       4
                text38                             1001     1001        C     2002       0
                text37                             1C2C     1C2C       1C     3858       0
                text36                              80D      80D       3F     101A       0
                text35                             1251     1251       B6     24A2       0
                text34                              7F6      7F6        9        8       0
                text33                             1BE3     1BE3       17     37C6       0
                text32                             1BAE     1BAE        8     375C       0
                text31                             1BCF     1BCF       14     379E       0
                text30                             1BBE     1BBE       11     377C       0
                text29                             1065     1065       A4     20CA       0
                text28                             1DA0     1DA0       2F     3B40       0
                text27                             1C48     1C48       20     3890       0
                text26                             1109     1109       A4     2212       0
                text25                             1CF9     1CF9       28     39F2       0
                text24                             13E6     13E6      1CA     27CC       0
                text23                             1E0D     1E0D       50     3C1A       0
                text22                             11AD     11AD       A4     235A       0
                text21                             1D21     1D21       29     3A42       0
                text20                              94E      94E      342     129C       0
                text19                              800      800        D     1000       0
                text18                             15B0     15B0      250     2B60       0
                text17                             1CAE     1CAE       24     395C       0
                text16                             1E5D     1E5D       76     3CBA       0
                text15                             1ED3     1ED3       8D     3DA6       0
                text14                              643      643      1B3        8       0
                text13                             1BFA     1BFA       17     37F4       0
                text12                             1C68     1C68       23     38D0       0
                text11                              7FF      7FF        1        8       0
                text10                             1F60     1F60       A0     3EC0       0
                text9                              1D4A     1D4A       2B     3A94       0
                text8                              1DCF     1DCF       3E     3B9E       0
                text7                              1C11     1C11       1B     3822       0
                text6                               C90      C90      370     1920       0
                text5                              1CD2     1CD2       27     39A4       0
                text4                              100D     100D       58     201A       0
                text3                               84C      84C      102     1098       0
                text2                              1C8B     1C8B       23     3916       0
                text1                              1D75     1D75       2B     3AEA       0
                maintext                           1307     1307       DF     260E       0
                cstackBANK0                          20       20       50       20       1
                cstackCOMMON                         70       70        6       70       1
                cstackBANK1                          A0       A0       4F       A0       1
                cstackBANK3                         1AC      1AC       18      190       1
                clrtext                            1BB6     1BB6        8     376C       0
                bssBANK2                            110      110       50      110       1
                bssBANK3                            190      190       1C      190       1
                bssBANK1                             EF       EF        1       A0       1
                bssCOMMON                            76       76        4       70       1
                strings                            1800     1800       2F     3000       0

TOTAL           Name                               Link     Load   Length     Space
        CLASS   CODE           
                end_init                             10       10        3         0
                cinit                                13       13       1C         0
                intentry                              4        4        C         0
                reset_vec                             0        0        3         0
                text6_split_1                        2F       2F      614         0
                text38                             1001     1001        C         0
                text37                             1C2C     1C2C       1C         0
                text36                              80D      80D       3F         0
                text35                             1251     1251       B6         0
                text34                              7F6      7F6        9         0
                text33                             1BE3     1BE3       17         0
                text32                             1BAE     1BAE        8         0
                text31                             1BCF     1BCF       14         0
                text30                             1BBE     1BBE       11         0
                text29                             1065     1065       A4         0
                text28                             1DA0     1DA0       2F         0
                text27                             1C48     1C48       20         0
                text26                             1109     1109       A4         0
                text25                             1CF9     1CF9       28         0
                text24                             13E6     13E6      1CA         0
                text23                             1E0D     1E0D       50         0
                text22                             11AD     11AD       A4         0
                text21                             1D21     1D21       29         0
                text20                              94E      94E      342         0
                text19                              800      800        D         0
                text18                             15B0     15B0      250         0
                text17                             1CAE     1CAE       24         0
                text16                             1E5D     1E5D       76         0
                text15                             1ED3     1ED3       8D         0
                text14                              643      643      1B3         0
                text13                             1BFA     1BFA       17         0
                text12                             1C68     1C68       23         0
                text11                              7FF      7FF        1         0
                text10                             1F60     1F60       A0         0
                text9                              1D4A     1D4A       2B         0
                text8                              1DCF     1DCF       3E         0
                text7                              1C11     1C11       1B         0
                text6                               C90      C90      370         0
                text5                              1CD2     1CD2       27         0
                text4                              100D     100D       58         0
                text3                               84C      84C      102         0
                text2                              1C8B     1C8B       23         0
                text1                              1D75     1D75       2B         0
                maintext                           1307     1307       DF         0
                clrtext                            1BB6     1BB6        8         0

        CLASS   STRCODE        

        CLASS   STRING         
                strings                            1800     1800       2F         0

        CLASS   CONST          

        CLASS   ENTRY          

        CLASS   COMMON         
                cstackCOMMON                         70       70        6         1
                bssCOMMON                            76       76        4         1

        CLASS   BANK0          
                cstackBANK0                          20       20       50         1

        CLASS   BANK1          
                cstackBANK1                          A0       A0       4F         1
                bssBANK1                             EF       EF        1         1

        CLASS   BANK2          
                bssBANK2                            110      110       50         1

        CLASS   BANK3          
                cstackBANK3                         1AC      1AC       18         1
                bssBANK3                            190      190       1C         1

        CLASS   RAM            

        CLASS   ABS1           
                abs_s1                               7E       7E        2         1

        CLASS   SFR0           

        CLASS   SFR1           

        CLASS   SFR2           

        CLASS   SFR3           

        CLASS   CONFIG         
                config                             2007     2007        1         4

        CLASS   IDLOC          

        CLASS   EEDATA         

        CLASS   HEAP           

        CLASS   STACK          



SEGMENTS        Name                           Load    Length   Top    Selector   Space  Class     Delta

                reset_vec                      000000  000003  000003         0       0  CODE        2
                intentry                       000004  0007FC  000800         8       0  CODE        2
                cstackBANK0                    000020  000050  000070        20       1  BANK0       1
                cstackCOMMON                   000070  00000A  00007A        70       1  COMMON      1
                cstackBANK1                    0000A0  000050  0000F0        A0       1  BANK1       1
                bssBANK2                       000110  000050  000160       110       1  BANK2       1
                bssBANK3                       000190  000034  0001C4       190       1  BANK3       1
                text19                         000800  00000D  00080D      1000       0  CODE        2
                text36                         00080D  00003F  00084C      101A       0  CODE        2
                text3                          00084C  000102  00094E      1098       0  CODE        2
                text20                         00094E  000342  000C90      129C       0  CODE        2
                text6                          000C90  000370  001000      1920       0  CODE        2
                text38                         001001  00000C  00100D      2002       0  CODE        2
                text4                          00100D  000058  001065      201A       0  CODE        2
                text29                         001065  0000A4  001109      20CA       0  CODE        2
                text26                         001109  0000A4  0011AD      2212       0  CODE        2
                text22                         0011AD  0000A4  001251      235A       0  CODE        2
                text35                         001251  0000B6  001307      24A2       0  CODE        2
                maintext                       001307  0000DF  0013E6      260E       0  CODE        2
                text24                         0013E6  0001CA  0015B0      27CC       0  CODE        2
                text18                         0015B0  000250  001800      2B60       0  CODE        2
                strings                        001800  00002F  00182F      3000       0  STRING      2
                text32                         001BAE  000008  001BB6      375C       0  CODE        2
                clrtext                        001BB6  000008  001BBE      376C       0  CODE        2
                text30                         001BBE  000011  001BCF      377C       0  CODE        2
                text31                         001BCF  000014  001BE3      379E       0  CODE        2
                text33                         001BE3  000017  001BFA      37C6       0  CODE        2
                text13                         001BFA  000017  001C11      37F4       0  CODE        2
                text7                          001C11  00001B  001C2C      3822       0  CODE        2
                text37                         001C2C  00001C  001C48      3858       0  CODE        2
                text27                         001C48  000020  001C68      3890       0  CODE        2
                text12                         001C68  000023  001C8B      38D0       0  CODE        2
                text2                          001C8B  000023  001CAE      3916       0  CODE        2
                text17                         001CAE  000024  001CD2      395C       0  CODE        2
                text5                          001CD2  000027  001CF9      39A4       0  CODE        2
                text25                         001CF9  000028  001D21      39F2       0  CODE        2
                text21                         001D21  000029  001D4A      3A42       0  CODE        2
                text9                          001D4A  00002B  001D75      3A94       0  CODE        2
                text1                          001D75  00002B  001DA0      3AEA       0  CODE        2
                text28                         001DA0  00002F  001DCF      3B40       0  CODE        2
                text8                          001DCF  00003E  001E0D      3B9E       0  CODE        2
                text23                         001E0D  000050  001E5D      3C1A       0  CODE        2
                text16                         001E5D  000076  001ED3      3CBA       0  CODE        2
                text15                         001ED3  00008D  001F60      3DA6       0  CODE        2
                text10                         001F60  0000A0  002000      3EC0       0  CODE        2


UNUSED ADDRESS RANGES

        Name                Unused          Largest block    Delta
        BANK2            000160-00016F               10           1
        BANK3            0001C4-0001EF               2C           1
        CODE             000003-000003                1           2
                         001000-001000                1
                         00182F-001BAD              37F
        COMMON           00007A-00007D                4           1
        CONST            000003-000003                1           2
                         001000-001000                1
                         00182F-001BAD              100
        EEDATA           002100-0021FF              100           2
        ENTRY            000003-000003                1           2
                         001000-001000                1
                         00182F-001BAD              100
        IDLOC            002000-002003                4           2
        RAM              000160-00016F               10           1
                         0001C4-0001EF               2C
        SFR0             000000-00001F               20           1
        SFR1             000080-00009F               20           1
        SFR2             000100-00010F               10           1
        SFR3             000180-00018F               10           1
        STRCODE          000003-000003                1           2
                         001000-001000                1
                         00182F-001BAD              37F
        STRING           000003-000003                1           2
                         001000-001000                1
                         00182F-001BAD              100

                                  Symbol Table

?__Umul8_16                 cstackBANK0  000020
?___fladd                   cstackBANK0  000020
?___fldiv                   cstackBANK0  000048
?___flmul                   cstackBANK0  00002E
?___flneg                   cstackBANK0  000020
?___flsub                   cstackBANK0  000048
?___fltol                   cstackBANK0  000020
?___fpclassifyf             cstackBANK0  000020
?___wmul                    cstackBANK0  000020
?___xxtofl                  cstackBANK0  000020
?_adc_leitura               cstackBANK0  000020
?_floorf                    cstackBANK0  000062
?_labs                      cstackBANK0  000020
?_read_prec_or_width        cstackBANK0  000026
?_sprintf                   cstackBANK3  0001AC
?_vfprintf                  cstackBANK1  0000E9
_ADCON0                     (abs)        00001F
_ADCON0bits                 (abs)        00001F
_ADCON1                     (abs)        00009F
_ADRESH                     (abs)        00001E
_ADRESL                     (abs)        00009E
_INTCONbits                 (abs)        00000B
_OPTION_REGbits             (abs)        000081
_PIE1bits                   (abs)        00008C
_PIR1bits                   (abs)        00000C
_PORTDbits                  (abs)        000008
_PORTEbits                  (abs)        000009
_PR2                        (abs)        000092
_RB1                        (abs)        000031
_RCSTAbits                  (abs)        000018
_SPBRG                      (abs)        000099
_T2CONbits                  (abs)        000012
_TMR2                       (abs)        000011
_TRISA                      (abs)        000085
_TRISBbits                  (abs)        000086
_TRISCbits                  (abs)        000087
_TRISD                      (abs)        000088
_TRISE                      (abs)        000089
_TXREG                      (abs)        000019
_TXSTAbits                  (abs)        000098
__H__absolute__             __absolute__ 000000
__Habs1                     abs1         000000
__Hbank0                    bank0        000000
__Hbank1                    bank1        000000
__Hbank2                    bank2        000000
__Hbank3                    bank3        000000
__HbssBANK1                 bssBANK1     000000
__HbssBANK2                 bssBANK2     000000
__HbssBANK3                 bssBANK3     000000
__HbssCOMMON                bssCOMMON    000000
__Hcinit                    cinit        00002F
__Hclrtext                  clrtext      000000
__Hcode                     code         000000
__Hcommon                   common       000000
__Hconfig                   config       002008
__HcstackBANK0              cstackBANK0  000000
__HcstackBANK1              cstackBANK1  000000
__HcstackBANK3              cstackBANK3  000000
__HcstackCOMMON             cstackCOMMON 000000
__Heeprom_data              eeprom_data  000000
__Hend_init                 end_init     000013
__Hfunctab                  functab      000000
__Hheap                     heap         000000
__Hinit                     init         000010
__Hintentry                 intentry     000010
__Hmaintext                 maintext     000000
__Hpowerup                  powerup      000000
__Hram                      ram          000000
__Hreset_vec                reset_vec    000003
__Hsfr0                     sfr0         000000
__Hsfr1                     sfr1         000000
__Hsfr2                     sfr2         000000
__Hsfr3                     sfr3         000000
__Hsivt                     sivt         000010
__Hspace_0                  (abs)        002000
__Hspace_1                  (abs)        0001C4
__Hspace_2                  (abs)        000000
__Hspace_3                  (abs)        000000
__Hspace_4                  (abs)        00400F
__Hstack                    stack        000000
__Hstrings                  strings      000000
__Htext                     text         000000
__L__absolute__             __absolute__ 000000
__Labs1                     abs1         000000
__Lbank0                    bank0        000000
__Lbank1                    bank1        000000
__Lbank2                    bank2        000000
__Lbank3                    bank3        000000
__LbssBANK1                 bssBANK1     000000
__LbssBANK2                 bssBANK2     000000
__LbssBANK3                 bssBANK3     000000
__LbssCOMMON                bssCOMMON    000000
__Lcinit                    cinit        000013
__Lclrtext                  clrtext      000000
__Lcode                     code         000000
__Lcommon                   common       000000
__Lconfig                   config       000000
__LcstackBANK0              cstackBANK0  000000
__LcstackBANK1              cstackBANK1  000000
__LcstackBANK3              cstackBANK3  000000
__LcstackCOMMON             cstackCOMMON 000000
__Leeprom_data              eeprom_data  000000
__Lend_init                 end_init     000010
__Lfunctab                  functab      000000
__Lheap                     heap         000000
__Linit                     init         000010
__Lintentry                 intentry     000004
__Lmaintext                 maintext     000000
__Lpowerup                  powerup      000000
__Lram                      ram          000000
__Lreset_vec                reset_vec    000000
__Lsfr0                     sfr0         000000
__Lsfr1                     sfr1         000000
__Lsfr2                     sfr2         000000
__Lsfr3                     sfr3         000000
__Lsivt                     sivt         000010
__Lspace_0                  (abs)        000000
__Lspace_1                  (abs)        000000
__Lspace_2                  (abs)        000000
__Lspace_3                  (abs)        000000
__Lspace_4                  (abs)        000000
__Lstack                    stack        000000
__Lstrings                  strings      000000
__Ltext                     text         000000
__S0                        (abs)        002000
__S1                        (abs)        0001C4
__S3                        (abs)        000000
__Umul8_16                  text21       001D21
__Umul8_16@multiplicand     cstackBANK0  000020
__Umul8_16@multiplier       cstackBANK0  000028
__Umul8_16@product          cstackBANK0  000024
__Umul8_16@word_mpld        cstackBANK0  000026
___fladd                    text18       0015B0
___fladd@a                  cstackBANK0  000024
___fladd@aexp               cstackBANK0  000031
___fladd@b                  cstackBANK0  000020
___fladd@bexp               cstackBANK0  000032
___fladd@grs                cstackBANK0  000033
___fladd@signs              cstackBANK0  000030
___fldiv                    text24       0013E6
___fldiv@a                  cstackBANK0  000048
___fldiv@aexp               cstackBANK0  000061
___fldiv@b                  cstackBANK0  00004C
___fldiv@bexp               cstackBANK0  000060
___fldiv@grs                cstackBANK0  00005C
___fldiv@new_exp            cstackBANK0  00005A
___fldiv@rem                cstackBANK0  000055
___fldiv@sign               cstackBANK0  000059
___fleq                     text23       001E0D
___fleq@ff1                 cstackBANK0  000020
___fleq@ff2                 cstackBANK0  000024
___flge                     text22       0011AD
___flge@ff1                 cstackBANK0  000048
___flge@ff2                 cstackBANK0  00004C
___flmul                    text20       00094E
___flmul@a                  cstackBANK0  000032
___flmul@aexp               cstackBANK0  00003C
___flmul@b                  cstackBANK0  00002E
___flmul@bexp               cstackBANK0  000041
___flmul@grs                cstackBANK0  00003D
___flmul@prod               cstackBANK0  000042
___flmul@sign               cstackBANK0  00003B
___flmul@temp               cstackBANK0  000046
___flneg                    text19       000800
___flneg@f1                 cstackBANK0  000020
___flsub                    text17       001CAE
___flsub@a                  cstackBANK0  000048
___flsub@b                  cstackBANK0  00004C
___fltol                    text16       001E5D
___fltol@exp1               cstackBANK0  000029
___fltol@f1                 cstackBANK0  000020
___fltol@sign1              cstackBANK0  000028
___fpclassifyf              text15       001ED3
___fpclassifyf@F465         bssBANK3     000194
___fpclassifyf@e            cstackBANK0  00002A
___fpclassifyf@u            cstackBANK0  00002C
___fpclassifyf@x            cstackBANK0  000020
___heap_hi                  (abs)        000000
___heap_lo                  (abs)        000000
___int_sp                   stack        000000
___int_stack_hi             stack        000000
___int_stack_lo             stack        000000
___latbits                  (abs)        000002
___sp                       stack        000000
___stack_hi                 stack        000000
___stack_lo                 stack        000000
___stackhi                  (abs)        000000
___stacklo                  (abs)        000000
___wmul                     text5        001CD2
___wmul@multiplicand        cstackBANK0  000022
___wmul@multiplier          cstackBANK0  000020
___wmul@product             cstackBANK0  000024
___xxtofl                   text35       001251
___xxtofl@arg               cstackBANK0  00002A
___xxtofl@exp               cstackBANK0  000029
___xxtofl@sign              cstackBANK0  000028
___xxtofl@val               cstackBANK0  000020
__end_of__Umul8_16          text21       001D4A
__end_of___fladd            text18       001800
__end_of___fldiv            text24       0015B0
__end_of___fleq             text23       001E5D
__end_of___flge             text22       001251
__end_of___flmul            text20       000C90
__end_of___flneg            text19       00080D
__end_of___flsub            text17       001CD2
__end_of___fltol            text16       001ED3
__end_of___fpclassifyf      text15       001F60
__end_of___wmul             text5        001CF9
__end_of___xxtofl           text35       001307
__end_of__initialization    cinit        00002B
__end_of__stringtab         strings      001810
__end_of_adc_inicializar    text34       0007FF
__end_of_adc_leitura        text33       001BFA
__end_of_configInterrupcoes text32       001BB6
__end_of_configTimer2       text31       001BE3
__end_of_configUART         text30       001BCF
__end_of_efgtoa             text6_split_1 000643
__end_of_enviarChar         text38       00100D
__end_of_enviarString       text37       001C48
__end_of_floorf             text14       0007F6
__end_of_fputc              text10       002000
__end_of_fputs              text9        001D75
__end_of_isrGeral           text36       00084C
__end_of_labs               text13       001C11
__end_of_lcd_comando        text29       001109
__end_of_lcd_dado           text26       0011AD
__end_of_lcd_inicializar    text28       001DCF
__end_of_lcd_pos            text27       001C68
__end_of_lcd_texto          text25       001D21
__end_of_main               maintext     0013E6
__end_of_memcpy             text12       001C8B
__end_of_pad                text8        001E0D
__end_of_putch              text11       000800
__end_of_read_prec_or_width text4        001065
__end_of_sprintf            text1        001DA0
__end_of_strcpy             text7        001C2C
__end_of_vfpfcnvrt          text3        00094E
__end_of_vfprintf           text2        001CAE
__initialization            cinit        000013
__pbssBANK1                 bssBANK1     0000EF
__pbssBANK2                 bssBANK2     000110
__pbssBANK3                 bssBANK3     000190
__pbssCOMMON                bssCOMMON    000076
__pcstackBANK0              cstackBANK0  000020
__pcstackBANK1              cstackBANK1  0000A0
__pcstackBANK3              cstackBANK3  0001AC
__pcstackCOMMON             cstackCOMMON 000070
__pintentry                 intentry     000004
__pmaintext                 maintext     001307
__pstrings                  strings      001800
__ptext1                    text1        001D75
__ptext10                   text10       001F60
__ptext11                   text11       0007FF
__ptext12                   text12       001C68
__ptext13                   text13       001BFA
__ptext14                   text14       000643
__ptext15                   text15       001ED3
__ptext16                   text16       001E5D
__ptext17                   text17       001CAE
__ptext18                   text18       0015B0
__ptext19                   text19       000800
__ptext2                    text2        001C8B
__ptext20                   text20       00094E
__ptext21                   text21       001D21
__ptext22                   text22       0011AD
__ptext23                   text23       001E0D
__ptext24                   text24       0013E6
__ptext25                   text25       001CF9
__ptext26                   text26       001109
__ptext27                   text27       001C48
__ptext28                   text28       001DA0
__ptext29                   text29       001065
__ptext3                    text3        00084C
__ptext30                   text30       001BBE
__ptext31                   text31       001BCF
__ptext32                   text32       001BAE
__ptext33                   text33       001BE3
__ptext34                   text34       0007F6
__ptext35                   text35       001251
__ptext36                   text36       00080D
__ptext37                   text37       001C2C
__ptext38                   text38       001001
__ptext4                    text4        00100D
__ptext5                    text5        001CD2
__ptext6                    text6        000C90
__ptext7                    text7        001C11
__ptext8                    text8        001DCF
__ptext9                    text9        001D4A
__stringbase                strings      00180F
__stringtab                 strings      001800
_adc_inicializar            text34       0007F6
_adc_leitura                text33       001BE3
_configInterrupcoes         text32       001BAE
_configTimer2               text31       001BCF
_configUART                 text30       001BBE
_contadorT2                 bssBANK3     000198
_contando3s                 bssBANK3     00019A
_dbuf                       bssBANK2     000110
_efgtoa                     text6        000C90
_efgtoa$1087                cstackBANK1  0000B7
_enviarChar                 text38       001001
_enviarString               text37       001C2C
_fAtualizaLCD               bssBANK3     00019B
_flags                      bssBANK1     0000EF
_floorf                     text14       000643
_fputc                      text10       001F60
_fputs                      text9        001D4A
_isrGeral                   text36       00080D
_labs                       text13       001BFA
_lcd_comando                text29       001065
_lcd_dado                   text26       001109
_lcd_inicializar            text28       001DA0
_lcd_pos                    text27       001C48
_lcd_pos$542                cstackBANK0  000026
_lcd_texto                  text25       001CF9
_main                       maintext     001307
_memcpy                     text12       001C68
_pad                        text8        001DCF
_prec                       bssCOMMON    000078
_putch                      text11       0007FF
_read_prec_or_width         text4        00100D
_sprintf                    text1        001D75
_strcpy                     text7        001C11
_textoLCD                   bssBANK3     00019C
_vfpfcnvrt                  text3        00084C
_vfprintf                   text2        001C8B
_width                      bssCOMMON    000076
btemp                       (abs)        00007E
clear_ram0                  clrtext      001BB6
efgtoa@c                    cstackBANK1  0000B0
efgtoa@d                    cstackBANK1  0000BC
efgtoa@e                    cstackBANK1  0000C0
efgtoa@f                    cstackBANK1  0000AC
efgtoa@fp                   cstackBANK1  0000AA
efgtoa@g                    cstackBANK1  0000D3
efgtoa@h                    cstackBANK1  0000CA
efgtoa@i                    cstackBANK1  0000C8
efgtoa@l                    cstackBANK1  0000CE
efgtoa@m                    cstackBANK1  0000BE
efgtoa@mode                 cstackBANK1  0000BA
efgtoa@n                    cstackBANK1  0000D7
efgtoa@ne                   cstackBANK1  0000B1
efgtoa@nmode                cstackBANK1  0000BB
efgtoa@ou                   cstackBANK1  0000C4
efgtoa@p                    cstackBANK1  0000B3
efgtoa@pp                   cstackBANK1  0000B9
efgtoa@sign                 cstackBANK1  0000D2
efgtoa@t                    cstackBANK1  0000B5
efgtoa@u                    cstackBANK1  0000D9
efgtoa@w                    cstackBANK1  0000C2
end_of_initialization       cinit        00002B
enviarChar@c                cstackCOMMON 000070
enviarString@s              cstackCOMMON 000071
floorf@F521                 bssBANK3     000190
floorf@e                    cstackBANK1  0000A4
floorf@m                    cstackBANK1  0000A0
floorf@u                    cstackBANK1  0000A6
floorf@x                    cstackBANK0  000062
fputc@c                     cstackBANK0  000020
fputc@fp                    cstackBANK0  000022
fputs@c                     cstackBANK0  000032
fputs@fp                    cstackBANK0  00002E
fputs@i                     cstackBANK0  000033
fputs@s                     cstackBANK0  00002D
interrupt_function          intentry     000004
intlevel0                   functab      000000
intlevel1                   functab      000000
intlevel2                   functab      000000
intlevel3                   functab      000000
intlevel4                   functab      000000
intlevel5                   functab      000000
labs@a                      cstackBANK0  000020
lcd_comando@c               cstackBANK0  000022
lcd_dado@d                  cstackBANK0  000022
lcd_pos@c                   cstackBANK0  000023
lcd_pos@l                   cstackBANK0  000024
lcd_pos@pos                 cstackBANK0  000025
lcd_texto@s                 cstackBANK0  000023
main@adc_val                cstackBANK3  0001C2
main@tensao                 cstackBANK3  0001BE
memcpy@d                    cstackBANK0  000025
memcpy@d1                   cstackBANK0  000020
memcpy@n                    cstackBANK0  000022
memcpy@s                    cstackBANK0  000026
memcpy@s1                   cstackBANK0  000021
memcpy@tmp                  cstackBANK0  000024
pad@buf                     cstackBANK0  000037
pad@fp                      cstackBANK0  000035
pad@i                       cstackBANK0  00003B
pad@p                       cstackBANK0  000038
pnum$text6                  (abs)        000013
pnum$text6_split_1          (abs)        000036
psplit$0                    (abs)        130036
read_prec_or_width@ap       cstackBANK0  000027
read_prec_or_width@c        cstackBANK0  000028
read_prec_or_width@fmt      cstackBANK0  000026
read_prec_or_width@n        cstackBANK0  000029
reset_vec                   reset_vec    000000
saved_w                     (abs)        00007E
sprintf@ap                  cstackBANK3  0001B2
sprintf@f                   cstackBANK3  0001B3
sprintf@fmt                 cstackBANK3  0001AD
sprintf@s                   cstackBANK3  0001AC
start                       init         000010
start_initialization        cinit        000013
strcpy@d                    cstackBANK0  000022
strcpy@dest                 cstackBANK0  000020
strcpy@src                  cstackBANK0  000021
vfpfcnvrt@ap                cstackBANK1  0000E0
vfpfcnvrt@c                 cstackBANK1  0000E7
vfpfcnvrt@convarg           cstackBANK1  0000E3
vfpfcnvrt@cp                cstackBANK1  0000E8
vfpfcnvrt@fmt               cstackBANK1  0000DF
vfpfcnvrt@fp                cstackBANK1  0000DD
vfprintf@ap                 cstackBANK1  0000EC
vfprintf@cfmt               cstackBANK1  0000ED
vfprintf@fmt                cstackBANK1  0000EB
vfprintf@fp                 cstackBANK1  0000E9
wtemp0                      (abs)        00007E


MODULE INFORMATION

Module		Function		Class		Link	Load	Size
C:\Program Files\Microchip\xc8\v2.50\pic\sources\c99\common\memcpy.c
		_memcpy        		CODE           	1C68	0000	35

C:\Program Files\Microchip\xc8\v2.50\pic\sources\c99\common\memcpy.c estimated size: 35

C:\Program Files\Microchip\xc8\v2.50\pic\sources\c99\common\flneg.c
		___flneg       		CODE           	0800	0000	13

C:\Program Files\Microchip\xc8\v2.50\pic\sources\c99\common\flneg.c estimated size: 13

C:\Program Files\Microchip\xc8\v2.50\pic\sources\c99\common\Umul16.c
		___wmul        		CODE           	1CD2	0000	39

C:\Program Files\Microchip\xc8\v2.50\pic\sources\c99\common\Umul16.c estimated size: 39

C:\Program Files\Microchip\xc8\v2.50\pic\sources\c99\common\nf_fputs.c
		_fputs         		CODE           	1D4A	0000	43

C:\Program Files\Microchip\xc8\v2.50\pic\sources\c99\common\nf_fputs.c estimated size: 43

C:\Program Files\Microchip\xc8\v2.50\pic\sources\c99\common\sprcmul.c
		___flmul       		CODE           	094E	0000	834

C:\Program Files\Microchip\xc8\v2.50\pic\sources\c99\common\sprcmul.c estimated size: 834

C:\Program Files\Microchip\xc8\v2.50\pic\sources\c99\common\sprcdiv.c
		___fldiv       		CODE           	13E6	0000	458

C:\Program Files\Microchip\xc8\v2.50\pic\sources\c99\common\sprcdiv.c estimated size: 458

C:\Program Files\Microchip\xc8\v2.50\pic\sources\c99\common\floorf.c
		_floorf        		CODE           	0643	0000	435

C:\Program Files\Microchip\xc8\v2.50\pic\sources\c99\common\floorf.c estimated size: 435

C:\Program Files\Microchip\xc8\v2.50\pic\sources\c99\common\putch.c
		_putch         		CODE           	07FF	0000	1

C:\Program Files\Microchip\xc8\v2.50\pic\sources\c99\common\putch.c estimated size: 1

newmain.c
		_lcd_comando   		CODE           	1065	0000	164
		_lcd_texto     		CODE           	1CF9	0000	40
		_lcd_dado      		CODE           	1109	0000	164
		_adc_leitura   		CODE           	1BE3	0000	23
		_main          		CODE           	1307	0000	223
		_configTimer2  		CODE           	1BCF	0000	20
		_lcd_pos       		CODE           	1C48	0000	32
		_adc_inicializar		CODE           	07F6	0000	9
		_configInterrupcoes		CODE           	1BAE	0000	8
		_lcd_inicializar		CODE           	1DA0	0000	47
		_enviarChar    		CODE           	1001	0000	12
		_enviarString  		CODE           	1C2C	0000	28
		_isrGeral      		CODE           	080D	0000	63
		_configUART    		CODE           	1BBE	0000	17

newmain.c estimated size: 850

C:\Program Files\Microchip\xc8\v2.50\pic\sources\c99\common\fleq.c
		___fleq        		CODE           	1E0D	0000	80

C:\Program Files\Microchip\xc8\v2.50\pic\sources\c99\common\fleq.c estimated size: 80

C:\Program Files\Microchip\xc8\v2.50\pic\sources\c99\common\xxtofl.c
		___xxtofl      		CODE           	1251	0000	182

C:\Program Files\Microchip\xc8\v2.50\pic\sources\c99\common\xxtofl.c estimated size: 182

C:\Program Files\Microchip\xc8\v2.50\pic\sources\c99\common\Umul8_16.c
		__Umul8_16     		CODE           	1D21	0000	41

C:\Program Files\Microchip\xc8\v2.50\pic\sources\c99\common\Umul8_16.c estimated size: 41

C:\Program Files\Microchip\xc8\v2.50\pic\sources\c99\common\__fpclassifyf.c
		___fpclassifyf 		CODE           	1ED3	0000	141

C:\Program Files\Microchip\xc8\v2.50\pic\sources\c99\common\__fpclassifyf.c estimated size: 141

C:\Program Files\Microchip\xc8\v2.50\pic\sources\c99\common\strcpy.c
		_strcpy        		CODE           	1C11	0000	27

C:\Program Files\Microchip\xc8\v2.50\pic\sources\c99\common\strcpy.c estimated size: 27

C:\Program Files\Microchip\xc8\v2.50\pic\sources\c99\common\sprcadd.c
		___flsub       		CODE           	1CAE	0000	36
		___fladd       		CODE           	15B0	0000	592

C:\Program Files\Microchip\xc8\v2.50\pic\sources\c99\common\sprcadd.c estimated size: 628

C:\Program Files\Microchip\xc8\v2.50\pic\sources\c99\common\nf_sprintf.c
		_sprintf       		CODE           	1D75	0000	43

C:\Program Files\Microchip\xc8\v2.50\pic\sources\c99\common\nf_sprintf.c estimated size: 43

C:\Program Files\Microchip\xc8\v2.50\pic\sources\c99\common\nf_fputc.c
		_fputc         		CODE           	1F60	0000	160

C:\Program Files\Microchip\xc8\v2.50\pic\sources\c99\common\nf_fputc.c estimated size: 160

shared
		__stringtab    		STRING         	1800	0000	16
		__initialization		CODE           	0013	0000	24

shared estimated size: 40

C:\Program Files\Microchip\xc8\v2.50\pic\sources\c99\common\fltol.c
		___fltol       		CODE           	1E5D	0000	118

C:\Program Files\Microchip\xc8\v2.50\pic\sources\c99\common\fltol.c estimated size: 118

C:\Program Files\Microchip\xc8\v2.50\pic\sources\c99\common\doprnt.c
		_read_prec_or_width		CODE           	100D	0000	88
		_vfpfcnvrt     		CODE           	084C	0000	258
		_efgtoa        		CODE           	0C90	0000	2436
		_pad           		CODE           	1DCF	0000	62
		_vfprintf      		CODE           	1C8B	0000	35

C:\Program Files\Microchip\xc8\v2.50\pic\sources\c99\common\doprnt.c estimated size: 2879

C:\Program Files\Microchip\xc8\v2.50\pic\sources\c99\common\labs.c
		_labs          		CODE           	1BFA	0000	23

C:\Program Files\Microchip\xc8\v2.50\pic\sources\c99\common\labs.c estimated size: 23

C:\Program Files\Microchip\xc8\v2.50\pic\sources\c99\common\flge.c
		___flge        		CODE           	11AD	0000	164

C:\Program Files\Microchip\xc8\v2.50\pic\sources\c99\common\flge.c estimated size: 164

