Microchip MPLAB XC8 Compiler V2.50

Linker command line:

-W-3 \
  --edf=C:\Program Files\Microchip\xc8\v2.50\pic\dat\20240725155939_en.msgs \
  -cn -h+dist/default/production\Lista_7_.production.sym \
  --cmf=dist/default/production\Lista_7_.production.cmf -z -Q16F877 \
  -oC:\Users\Yan\AppData\Local\Temp\xcAs1gg.\driver_tmp_3.o \
  --defsym=__MPLAB_BUILD=1 --fixupoverflow=error \
  -Mdist/default/production/Lista_7_.production.map \
  --md=C:\Users\Yan\AppData\Local\Temp\xcAs1gg.\driver_tmp_0.dat -E1 \
  -ver=XC8 Compiler --acfsm=1493 -ACODE=00h-07FFhx4 -ASTRCODE=00h-01FFFh \
  -ASTRING=00h-0FFhx32 -ACONST=00h-0FFhx32 -AENTRY=00h-0FFhx32 \
  -ACOMMON=070h-07Fh -ABANK0=020h-06Fh -ABANK1=0A0h-0EFh \
  -ABANK2=0110h-016Fh -ABANK3=0190h-01EFh \
  -ARAM=020h-06Fh,0A0h-0EFh,0110h-016Fh,0190h-01EFh \
  -AABS1=020h-07Fh,0A0h-0EFh,0110h-016Fh,0190h-01EFh -ASFR0=00h-01Fh \
  -ASFR1=080h-09Fh -ASFR2=0100h-010Fh -ASFR3=0180h-018Fh \
  -ACONFIG=02007h-02007h -DCONFIG=2 -AIDLOC=02000h-02003h -DIDLOC=2 \
  -AEEDATA=00h-0FFh/02100h -peeprom_data=EEDATA -DEEDATA=2 -DCODE=2 \
  -DSTRCODE=2 -DSTRING=2 -DCONST=2 -DENTRY=2 \
  -preset_vec=00h,intentry,sivt,init,end_init -ppowerup=CODE -pcinit=CODE \
  -pfunctab=ENTRY -k \
  C:\Users\Yan\AppData\Local\Temp\xcAs1gg.\driver_tmp_17.o \
  dist/default/production\Lista_7_.production.o 

Object code version is 3.11

Machine type is 16F877



                Name                               Link     Load   Length Selector   Space Scale
C:\Users\Yan\AppData\Local\Temp\xcAs1gg.\driver_tmp_17.o
                end_init                              0        0        3        0       0
                config                             2007     2007        1        0       4
dist/default/production\Lista_7_.production.o
                cinit                               7E1      7E1       1F      FC2       0
                config                             2007     2007        1        0       4
                text15                              3C1      3C1       14      782       0
                text14                              3D5      3D5       14      7AA       0
                text13                              3E9      3E9       14      7D2       0
                text12                              4E1      4E1       63      9C2       0
                text11                              48A      48A       57      914       0
                text10                              3B0      3B0       11      760       0
                text9                               397      397        1      72E       0
                text8                               5C0      5C0       9A      B80       0
                text7                               6FB      6FB       E6      DF6       0
                text6                               439      439       25      872       0
                text5                               416      416       23      82C       0
                text4                               544      544       7C      A88       0
                text3                               45E      45E       2C      8BC       0
                text2                               3A2      3A2        E      744       0
                text1                               3FD      3FD       19      7FA       0
                maintext                            65A      65A       A1      CB4       0
                cstackBANK0                          20       20       3A       20       1
                cstackCOMMON                         70       70        E       70       1
                clrtext                             39A      39A        8      734       0
                bssBANK1                             A0       A0       20       A0       1
                dataBANK0                            60       60        2       20       1
                bssBANK0                             5A       5A        6       20       1
                strings                               3        3        9        6       0
                idataBANK0                          398      398        2      730       0

TOTAL           Name                               Link     Load   Length     Space
        CLASS   CODE           
                end_init                              0        0        3         0
                cinit                               7E1      7E1       1F         0
                text15                              3C1      3C1       14         0
                text14                              3D5      3D5       14         0
                text13                              3E9      3E9       14         0
                text12                              4E1      4E1       63         0
                text11                              48A      48A       57         0
                text10                              3B0      3B0       11         0
                text9                               397      397        1         0
                text8                               5C0      5C0       9A         0
                text7                               6FB      6FB       E6         0
                text6                               439      439       25         0
                text5                               416      416       23         0
                text4                               544      544       7C         0
                text3                               45E      45E       2C         0
                text2                               3A2      3A2        E         0
                text1                               3FD      3FD       19         0
                maintext                            65A      65A       A1         0
                clrtext                             39A      39A        8         0
                idataBANK0                          398      398        2         0

        CLASS   STRCODE        

        CLASS   STRING         
                strings                               3        3        9         0

        CLASS   CONST          

        CLASS   ENTRY          

        CLASS   COMMON         
                cstackCOMMON                         70       70        E         1

        CLASS   BANK0          
                cstackBANK0                          20       20       3A         1
                dataBANK0                            60       60        2         1
                bssBANK0                             5A       5A        6         1

        CLASS   BANK1          
                bssBANK1                             A0       A0       20         1

        CLASS   BANK2          

        CLASS   BANK3          

        CLASS   RAM            

        CLASS   ABS1           
                abs_s1                               7E       7E        2         1

        CLASS   SFR0           

        CLASS   SFR1           

        CLASS   SFR2           

        CLASS   SFR3           

        CLASS   CONFIG         
                config                             2007     2007        1         4

        CLASS   IDLOC          

        CLASS   EEDATA         

        CLASS   HEAP           

        CLASS   STACK          



SEGMENTS        Name                           Load    Length   Top    Selector   Space  Class     Delta

                reset_vec                      000000  000003  000003         0       0  CODE        2
                strings                        000003  000009  00000C         6       0  STRING      2
                cstackBANK0                    000020  000042  000062        20       1  BANK0       1
                cstackCOMMON                   000070  00000E  00007E        70       1  COMMON      1
                bssBANK1                       0000A0  000020  0000C0        A0       1  BANK1       1
                text9                          000397  000001  000398       72E       0  CODE        2
                idataBANK0                     000398  000002  00039A       730       0  CODE        2
                clrtext                        00039A  000008  0003A2       734       0  CODE        2
                text2                          0003A2  00000E  0003B0       744       0  CODE        2
                text10                         0003B0  000011  0003C1       760       0  CODE        2
                text15                         0003C1  000014  0003D5       782       0  CODE        2
                text14                         0003D5  000014  0003E9       7AA       0  CODE        2
                text13                         0003E9  000014  0003FD       7D2       0  CODE        2
                text1                          0003FD  000019  000416       7FA       0  CODE        2
                text5                          000416  000023  000439       82C       0  CODE        2
                text6                          000439  000025  00045E       872       0  CODE        2
                text3                          00045E  00002C  00048A       8BC       0  CODE        2
                text11                         00048A  000057  0004E1       914       0  CODE        2
                text12                         0004E1  000063  000544       9C2       0  CODE        2
                text4                          000544  00007C  0005C0       A88       0  CODE        2
                text8                          0005C0  00009A  00065A       B80       0  CODE        2
                maintext                       00065A  0000A1  0006FB       CB4       0  CODE        2
                text7                          0006FB  0000E6  0007E1       DF6       0  CODE        2
                cinit                          0007E1  00001F  000800       FC2       0  CODE        2


UNUSED ADDRESS RANGES

        Name                Unused          Largest block    Delta
        BANK0            0062-006F              E           1
        BANK1            00C0-00EF             30           1
        BANK2            0110-016F             60           1
        BANK3            0190-01EF             60           1
        CODE             000C-0396            38B           2
                         0800-1FFF            800
        CONST            000C-0396            100           2
                         0800-1FFF            100
        EEDATA           2100-21FF            100           2
        ENTRY            000C-0396            100           2
                         0800-1FFF            100
        IDLOC            2000-2003              4           2
        RAM              0062-006F              E           1
                         00C0-00EF             30
                         0110-016F             60
                         0190-01EF             60
        SFR0             0000-001F             20           1
        SFR1             0080-009F             20           1
        SFR2             0100-010F             10           1
        SFR3             0180-018F             10           1
        STRCODE          000C-0396            38B           2
                         0800-1FFF           1800
        STRING           000C-0396            100           2
                         0800-1FFF            100

                                  Symbol Table

?___awdiv                      cstackCOMMON 0070
?___awmod                      cstackCOMMON 0070
?_abs                          cstackCOMMON 0076
?_sprintf                      cstackBANK0  0031
?_vfprintf                     cstackBANK0  002D
_PORTBbits                     (abs)        0006
_PORTCbits                     (abs)        0007
_PORTD                         (abs)        0008
_PORTEbits                     (abs)        0009
_TRISB                         (abs)        0086
_TRISC                         (abs)        0087
_TRISD                         (abs)        0088
_TRISE                         (abs)        0089
__H__absolute__                __absolute__ 0000
__Habs1                        abs1         0000
__Hbank0                       bank0        0000
__Hbank1                       bank1        0000
__Hbank2                       bank2        0000
__Hbank3                       bank3        0000
__HbssBANK0                    bssBANK0     0000
__HbssBANK1                    bssBANK1     0000
__Hcinit                       cinit        0800
__Hclrtext                     clrtext      0000
__Hcode                        code         0000
__Hcommon                      common       0000
__Hconfig                      config       2008
__HcstackBANK0                 cstackBANK0  0000
__HcstackCOMMON                cstackCOMMON 0000
__HdataBANK0                   dataBANK0    0000
__Heeprom_data                 eeprom_data  0000
__Hend_init                    end_init     0003
__Hfunctab                     functab      0000
__Hheap                        heap         0000
__HidataBANK0                  idataBANK0   0000
__Hinit                        init         0000
__Hintentry                    intentry     0000
__Hmaintext                    maintext     0000
__Hpowerup                     powerup      0000
__Hram                         ram          0000
__Hreset_vec                   reset_vec    0000
__Hsfr0                        sfr0         0000
__Hsfr1                        sfr1         0000
__Hsfr2                        sfr2         0000
__Hsfr3                        sfr3         0000
__Hsivt                        sivt         0000
__Hspace_0                     (abs)        0800
__Hspace_1                     (abs)        00C0
__Hspace_2                     (abs)        0000
__Hspace_3                     (abs)        0000
__Hspace_4                     (abs)        400F
__Hstack                       stack        0000
__Hstrings                     strings      0000
__Htext                        text         0000
__L__absolute__                __absolute__ 0000
__Labs1                        abs1         0000
__Lbank0                       bank0        0000
__Lbank1                       bank1        0000
__Lbank2                       bank2        0000
__Lbank3                       bank3        0000
__LbssBANK0                    bssBANK0     0000
__LbssBANK1                    bssBANK1     0000
__Lcinit                       cinit        07E1
__Lclrtext                     clrtext      0000
__Lcode                        code         0000
__Lcommon                      common       0000
__Lconfig                      config       0000
__LcstackBANK0                 cstackBANK0  0000
__LcstackCOMMON                cstackCOMMON 0000
__LdataBANK0                   dataBANK0    0000
__Leeprom_data                 eeprom_data  0000
__Lend_init                    end_init     0000
__Lfunctab                     functab      0000
__Lheap                        heap         0000
__LidataBANK0                  idataBANK0   0000
__Linit                        init         0000
__Lintentry                    intentry     0000
__Lmaintext                    maintext     0000
__Lpowerup                     powerup      0000
__Lram                         ram          0000
__Lreset_vec                   reset_vec    0000
__Lsfr0                        sfr0         0000
__Lsfr1                        sfr1         0000
__Lsfr2                        sfr2         0000
__Lsfr3                        sfr3         0000
__Lsivt                        sivt         0000
__Lspace_0                     (abs)        0000
__Lspace_1                     (abs)        0000
__Lspace_2                     (abs)        0000
__Lspace_3                     (abs)        0000
__Lspace_4                     (abs)        0000
__Lstack                       stack        0000
__Lstrings                     strings      0000
__Ltext                        text         0000
__S0                           (abs)        0800
__S1                           (abs)        00C0
__S3                           (abs)        0000
___awdiv                       text12       04E1
___awdiv@counter               cstackCOMMON 0074
___awdiv@dividend              cstackCOMMON 0072
___awdiv@divisor               cstackCOMMON 0070
___awdiv@quotient              cstackCOMMON 0076
___awdiv@sign                  cstackCOMMON 0075
___awmod                       text11       048A
___awmod@counter               cstackCOMMON 0074
___awmod@dividend              cstackCOMMON 0072
___awmod@divisor               cstackCOMMON 0070
___awmod@sign                  cstackCOMMON 0075
___heap_hi                     (abs)        0000
___heap_lo                     (abs)        0000
___int_sp                      stack        0000
___int_stack_hi                stack        0000
___int_stack_lo                stack        0000
___latbits                     (abs)        0002
___sp                          stack        0000
___stack_hi                    stack        0000
___stack_lo                    stack        0000
___stackhi                     (abs)        0000
___stacklo                     (abs)        0000
__end_of___awdiv               text12       0544
__end_of___awmod               text11       04E1
__end_of__initialization       cinit        07FC
__end_of__stringtab            strings      0009
__end_of_abs                   text10       03C1
__end_of_atualiza_lcd          text3        048A
__end_of_debounce              text2        03B0
__end_of_fputc                 text8        065A
__end_of_lcd_command           text15       03D5
__end_of_lcd_data              text14       03E9
__end_of_lcd_initialise        text1        0416
__end_of_lcd_string            text13       03FD
__end_of_main                  maintext     06FB
__end_of_putch                 text9        0398
__end_of_sprintf               text5        0439
__end_of_teclado               text4        05C0
__end_of_vfpfcnvrt             text7        07E1
__end_of_vfprintf              text6        045E
__initialization               cinit        07E1
__pbssBANK0                    bssBANK0     005A
__pbssBANK1                    bssBANK1     00A0
__pcstackBANK0                 cstackBANK0  0020
__pcstackCOMMON                cstackCOMMON 0070
__pdataBANK0                   dataBANK0    0060
__pidataBANK0                  idataBANK0   0398
__pmaintext                    maintext     065A
__pstrings                     strings      0003
__ptext1                       text1        03FD
__ptext10                      text10       03B0
__ptext11                      text11       048A
__ptext12                      text12       04E1
__ptext13                      text13       03E9
__ptext14                      text14       03D5
__ptext15                      text15       03C1
__ptext2                       text2        03A2
__ptext3                       text3        045E
__ptext4                       text4        0544
__ptext5                       text5        0416
__ptext6                       text6        0439
__ptext7                       text7        06FB
__ptext8                       text8        05C0
__ptext9                       text9        0397
__stringbase                   strings      0008
__stringtab                    strings      0003
_abs                           text10       03B0
_atualiza_lcd                  text3        045E
_dbuf                          bssBANK1     00A0
_debounce                      text2        03A2
_flags                         bssBANK0     005E
_fputc                         text8        05C0
_lcd_command                   text15       03C1
_lcd_data                      text14       03D5
_lcd_initialise                text1        03FD
_lcd_string                    text13       03E9
_main                          maintext     065A
_prec                          bssBANK0     005C
_putch                         text9        0397
_sprintf                       text5        0416
_teclado                       text4        0544
_vfpfcnvrt                     text7        06FB
_vfprintf                      text6        0439
_width                         bssBANK0     005A
abs@a                          cstackCOMMON 0076
atualiza_lcd@buffer            cstackBANK0  0044
atualiza_lcd@tecla_pressionado cstackBANK0  0054
btemp                          (abs)        007E
clear_ram0                     clrtext      039A
end_of_initialization          cinit        07FC
fputc@c                        cstackCOMMON 0070
fputc@fp                       cstackCOMMON 0072
intlevel0                      functab      0000
intlevel1                      functab      0000
intlevel2                      functab      0000
intlevel3                      functab      0000
intlevel4                      functab      0000
intlevel5                      functab      0000
lcd_command@cmd                cstackCOMMON 0072
lcd_data@data                  cstackCOMMON 0072
lcd_string@str                 cstackCOMMON 0073
main@cursor_pos                dataBANK0    0060
main@i                         cstackBANK0  0057
main@tecla                     cstackBANK0  0059
reset_vec                      reset_vec    0000
sprintf@ap                     cstackBANK0  0036
sprintf@f                      cstackBANK0  0037
sprintf@fmt                    cstackBANK0  0032
sprintf@s                      cstackBANK0  0031
start                          init         0000
start_initialization           cinit        07E1
teclado@tecla                  cstackCOMMON 0070
vfpfcnvrt@ap                   cstackBANK0  0023
vfpfcnvrt@c                    cstackBANK0  002C
vfpfcnvrt@convarg              cstackBANK0  0028
vfpfcnvrt@cp                   cstackBANK0  0027
vfpfcnvrt@done                 cstackBANK0  0026
vfpfcnvrt@fmt                  cstackBANK0  0022
vfpfcnvrt@fp                   cstackBANK0  0020
vfprintf@ap                    cstackBANK0  0030
vfprintf@cfmt                  cstackCOMMON 007D
vfprintf@fmt                   cstackBANK0  002F
vfprintf@fp                    cstackBANK0  002D
wtemp0                         (abs)        007E


MODULE INFORMATION

Module		Function		Class		Link	Load	Size
atividade7.c
		_lcd_command   		CODE           	03C1	0000	20
		_debounce      		CODE           	03A2	0000	14
		_lcd_data      		CODE           	03D5	0000	20
		_lcd_initialise		CODE           	03FD	0000	25
		_main          		CODE           	065A	0000	161
		_teclado       		CODE           	0544	0000	124
		_atualiza_lcd  		CODE           	045E	0000	44
		_lcd_string    		CODE           	03E9	0000	20

atividade7.c estimated size: 428

C:\Program Files\Microchip\xc8\v2.50\pic\sources\c99\common\awmod.c
		___awmod       		CODE           	048A	0000	87

C:\Program Files\Microchip\xc8\v2.50\pic\sources\c99\common\awmod.c estimated size: 87

C:\Program Files\Microchip\xc8\v2.50\pic\sources\c99\common\putch.c
		_putch         		CODE           	0397	0000	1

C:\Program Files\Microchip\xc8\v2.50\pic\sources\c99\common\putch.c estimated size: 1

C:\Program Files\Microchip\xc8\v2.50\pic\sources\c99\common\abs.c
		_abs           		CODE           	03B0	0000	17

C:\Program Files\Microchip\xc8\v2.50\pic\sources\c99\common\abs.c estimated size: 17

C:\Program Files\Microchip\xc8\v2.50\pic\sources\c99\common\nf_sprintf.c
		_sprintf       		CODE           	0416	0000	35

C:\Program Files\Microchip\xc8\v2.50\pic\sources\c99\common\nf_sprintf.c estimated size: 35

C:\Program Files\Microchip\xc8\v2.50\pic\sources\c99\common\nf_fputc.c
		_fputc         		CODE           	05C0	0000	154

C:\Program Files\Microchip\xc8\v2.50\pic\sources\c99\common\nf_fputc.c estimated size: 154

shared
		__stringtab    		STRING         	0003	0000	6
		__initialization		CODE           	07E1	0000	27

shared estimated size: 33

C:\Program Files\Microchip\xc8\v2.50\pic\sources\c99\common\awdiv.c
		___awdiv       		CODE           	04E1	0000	99

C:\Program Files\Microchip\xc8\v2.50\pic\sources\c99\common\awdiv.c estimated size: 99

C:\Program Files\Microchip\xc8\v2.50\pic\sources\c99\common\doprnt.c
		_vfpfcnvrt     		CODE           	06FB	0000	230
		_vfprintf      		CODE           	0439	0000	37

C:\Program Files\Microchip\xc8\v2.50\pic\sources\c99\common\doprnt.c estimated size: 267

