Microchip MPLAB XC8 Compiler V2.50

Linker command line:

-W-3 \
  --edf=C:\Program Files\Microchip\xc8\v2.50\pic\dat\20240725155939_en.msgs \
  -cn -h+dist/default/production\Lista_7_.production.sym \
  --cmf=dist/default/production\Lista_7_.production.cmf -z -Q16F877 \
  -oC:\Users\Yan\AppData\Local\Temp\xcAsgc0.\driver_tmp_3.o \
  --defsym=__MPLAB_BUILD=1 --fixupoverflow=error \
  -Mdist/default/production/Lista_7_.production.map \
  --md=C:\Users\Yan\AppData\Local\Temp\xcAsgc0.\driver_tmp_0.dat -E1 \
  -ver=XC8 Compiler --acfsm=1493 -ACODE=00h-07FFhx4 -ASTRCODE=00h-01FFFh \
  -ASTRING=00h-0FFhx32 -ACONST=00h-0FFhx32 -AENTRY=00h-0FFhx32 \
  -ACOMMON=070h-07Fh -ABANK0=020h-06Fh -ABANK1=0A0h-0EFh \
  -ABANK2=0110h-016Fh -ABANK3=0190h-01EFh \
  -ARAM=020h-06Fh,0A0h-0EFh,0110h-016Fh,0190h-01EFh \
  -AABS1=020h-07Fh,0A0h-0EFh,0110h-016Fh,0190h-01EFh -ASFR0=00h-01Fh \
  -ASFR1=080h-09Fh -ASFR2=0100h-010Fh -ASFR3=0180h-018Fh \
  -ACONFIG=02007h-02007h -DCONFIG=2 -AIDLOC=02000h-02003h -DIDLOC=2 \
  -AEEDATA=00h-0FFh/02100h -peeprom_data=EEDATA -DEEDATA=2 -DCODE=2 \
  -DSTRCODE=2 -DSTRING=2 -DCONST=2 -DENTRY=2 \
  -preset_vec=00h,intentry,sivt,init,end_init -ppowerup=CODE -pcinit=CODE \
  -pfunctab=ENTRY -k \
  C:\Users\Yan\AppData\Local\Temp\xcAsgc0.\driver_tmp_12.o \
  dist/default/production\Lista_7_.production.o 

Object code version is 3.11

Machine type is 16F877



                Name                               Link     Load   Length Selector   Space Scale
C:\Users\Yan\AppData\Local\Temp\xcAsgc0.\driver_tmp_12.o
                end_init                              0        0        3        0       0
                config                             2007     2007        1        0       4
dist/default/production\Lista_7_.production.o
                cinit                               7ED      7ED       13      FDA       0
                config                             2007     2007        1        0       4
                text5                               6A7      6A7       14      D4E       0
                text4                               6E7      6E7       19      DCE       0
                text3                               6BB      6BB       14      D76       0
                text2                               6CF      6CF       18      D9E       0
                text1                               73A      73A       B3      E74       0
                maintext                            700      700       3A      E00       0
                cstackCOMMON                         70       70        6       70       1
                inittext                            694      694       13      D28       0
                dataBANK0                            20       20       10       20       1
                bssCOMMON                            76       76        1       70       1
                strings                               3        3       15        6       0
                idataBANK0                          684      684       10      D08       0

TOTAL           Name                               Link     Load   Length     Space
        CLASS   CODE           
                end_init                              0        0        3         0
                cinit                               7ED      7ED       13         0
                text5                               6A7      6A7       14         0
                text4                               6E7      6E7       19         0
                text3                               6BB      6BB       14         0
                text2                               6CF      6CF       18         0
                text1                               73A      73A       B3         0
                maintext                            700      700       3A         0
                inittext                            694      694       13         0
                idataBANK0                          684      684       10         0

        CLASS   STRCODE        

        CLASS   STRING         
                strings                               3        3       15         0

        CLASS   CONST          

        CLASS   ENTRY          

        CLASS   COMMON         
                cstackCOMMON                         70       70        6         1
                bssCOMMON                            76       76        1         1

        CLASS   BANK0          
                dataBANK0                            20       20       10         1

        CLASS   BANK1          

        CLASS   BANK2          

        CLASS   BANK3          

        CLASS   RAM            

        CLASS   ABS1           
                abs_s1                               7E       7E        2         1

        CLASS   SFR0           

        CLASS   SFR1           

        CLASS   SFR2           

        CLASS   SFR3           

        CLASS   CONFIG         
                config                             2007     2007        1         4

        CLASS   IDLOC          

        CLASS   EEDATA         

        CLASS   HEAP           

        CLASS   STACK          



SEGMENTS        Name                           Load    Length   Top    Selector   Space  Class     Delta

                reset_vec                      000000  000003  000003         0       0  CODE        2
                strings                        000003  000015  000018         6       0  STRING      2
                dataBANK0                      000020  000010  000030        20       1  BANK0       1
                cstackCOMMON                   000070  000007  000077        70       1  COMMON      1
                idataBANK0                     000684  000010  000694       D08       0  CODE        2
                inittext                       000694  000013  0006A7       D28       0  CODE        2
                text5                          0006A7  000014  0006BB       D4E       0  CODE        2
                text3                          0006BB  000014  0006CF       D76       0  CODE        2
                text2                          0006CF  000018  0006E7       D9E       0  CODE        2
                text4                          0006E7  000019  000700       DCE       0  CODE        2
                maintext                       000700  00003A  00073A       E00       0  CODE        2
                text1                          00073A  0000B3  0007ED       E74       0  CODE        2
                cinit                          0007ED  000013  000800       FDA       0  CODE        2


UNUSED ADDRESS RANGES

        Name                Unused          Largest block    Delta
        BANK0            0030-006F             40           1
        BANK1            00A0-00EF             50           1
        BANK2            0110-016F             60           1
        BANK3            0190-01EF             60           1
        CODE             0018-0683            66C           2
                         0800-1FFF            800
        COMMON           0077-007D              7           1
        CONST            0018-0683            100           2
                         0800-1FFF            100
        EEDATA           2100-21FF            100           2
        ENTRY            0018-0683            100           2
                         0800-1FFF            100
        IDLOC            2000-2003              4           2
        RAM              0030-006F             40           1
                         00A0-00EF             50
                         0110-016F             60
                         0190-01EF             60
        SFR0             0000-001F             20           1
        SFR1             0080-009F             20           1
        SFR2             0100-010F             10           1
        SFR3             0180-018F             10           1
        STRCODE          0018-0683            66C           2
                         0800-1FFF           1800
        STRING           0018-0683            100           2
                         0800-1FFF            100

                                  Symbol Table

_PORTBbits               (abs)        0006
_PORTCbits               (abs)        0007
_PORTD                   (abs)        0008
_PORTEbits               (abs)        0009
_TRISA                   (abs)        0085
_TRISB                   (abs)        0086
_TRISC                   (abs)        0087
_TRISD                   (abs)        0088
_TRISE                   (abs)        0089
__H__absolute__          __absolute__ 0000
__Habs1                  abs1         0000
__Hbank0                 bank0        0000
__Hbank1                 bank1        0000
__Hbank2                 bank2        0000
__Hbank3                 bank3        0000
__HbssCOMMON             bssCOMMON    0000
__Hcinit                 cinit        0800
__Hclrtext               clrtext      0000
__Hcode                  code         0000
__Hcommon                common       0000
__Hconfig                config       2008
__HcstackCOMMON          cstackCOMMON 0000
__HdataBANK0             dataBANK0    0000
__Heeprom_data           eeprom_data  0000
__Hend_init              end_init     0003
__Hfunctab               functab      0000
__Hheap                  heap         0000
__HidataBANK0            idataBANK0   0000
__Hinit                  init         0000
__Hinittext              inittext     0000
__Hintentry              intentry     0000
__Hmaintext              maintext     0000
__Hpowerup               powerup      0000
__Hram                   ram          0000
__Hreset_vec             reset_vec    0000
__Hsfr0                  sfr0         0000
__Hsfr1                  sfr1         0000
__Hsfr2                  sfr2         0000
__Hsfr3                  sfr3         0000
__Hsivt                  sivt         0000
__Hspace_0               (abs)        0800
__Hspace_1               (abs)        0077
__Hspace_2               (abs)        0000
__Hspace_3               (abs)        0000
__Hspace_4               (abs)        400F
__Hstack                 stack        0000
__Hstrings               strings      0000
__Htext                  text         0000
__L__absolute__          __absolute__ 0000
__Labs1                  abs1         0000
__Lbank0                 bank0        0000
__Lbank1                 bank1        0000
__Lbank2                 bank2        0000
__Lbank3                 bank3        0000
__LbssCOMMON             bssCOMMON    0000
__Lcinit                 cinit        07ED
__Lclrtext               clrtext      0000
__Lcode                  code         0000
__Lcommon                common       0000
__Lconfig                config       0000
__LcstackCOMMON          cstackCOMMON 0000
__LdataBANK0             dataBANK0    0000
__Leeprom_data           eeprom_data  0000
__Lend_init              end_init     0000
__Lfunctab               functab      0000
__Lheap                  heap         0000
__LidataBANK0            idataBANK0   0000
__Linit                  init         0000
__Linittext              inittext     0000
__Lintentry              intentry     0000
__Lmaintext              maintext     0000
__Lpowerup               powerup      0000
__Lram                   ram          0000
__Lreset_vec             reset_vec    0000
__Lsfr0                  sfr0         0000
__Lsfr1                  sfr1         0000
__Lsfr2                  sfr2         0000
__Lsfr3                  sfr3         0000
__Lsivt                  sivt         0000
__Lspace_0               (abs)        0000
__Lspace_1               (abs)        0000
__Lspace_2               (abs)        0000
__Lspace_3               (abs)        0000
__Lspace_4               (abs)        0000
__Lstack                 stack        0000
__Lstrings               strings      0000
__Ltext                  text         0000
__S0                     (abs)        0800
__S1                     (abs)        0077
__S3                     (abs)        0000
___heap_hi               (abs)        0000
___heap_lo               (abs)        0000
___int_sp                stack        0000
___int_stack_hi          stack        0000
___int_stack_lo          stack        0000
___latbits               (abs)        0002
___sp                    stack        0000
___stack_hi              stack        0000
___stack_lo              stack        0000
___stackhi               (abs)        0000
___stacklo               (abs)        0000
__end_of__initialization cinit        07FC
__end_of__stringtab      strings      0009
__end_of_lcd_command     text5        06BB
__end_of_lcd_data        text3        06CF
__end_of_lcd_initialise  text4        0700
__end_of_lcd_string      text2        06E7
__end_of_main            maintext     073A
__end_of_teclado         text1        07ED
__initialization         cinit        07ED
__pbssCOMMON             bssCOMMON    0076
__pcstackCOMMON          cstackCOMMON 0070
__pdataBANK0             dataBANK0    0020
__pidataBANK0            idataBANK0   0684
__pmaintext              maintext     0700
__pstrings               strings      0003
__ptext1                 text1        073A
__ptext2                 text2        06CF
__ptext3                 text3        06BB
__ptext4                 text4        06E7
__ptext5                 text5        06A7
__stringbase             strings      0008
__stringtab              strings      0003
_lcd_command             text5        06A7
_lcd_data                text3        06BB
_lcd_initialise          text4        06E7
_lcd_string              text2        06CF
_main                    maintext     0700
_segment                 dataBANK0    0020
_teclado                 text1        073A
btemp                    (abs)        007E
end_of_initialization    cinit        07FC
init_fetch0              inittext     0694
init_ram0                inittext     0698
intlevel0                functab      0000
intlevel1                functab      0000
intlevel2                functab      0000
intlevel3                functab      0000
intlevel4                functab      0000
intlevel5                functab      0000
lcd_command@cmd          cstackCOMMON 0072
lcd_data@data            cstackCOMMON 0072
lcd_string@i             cstackCOMMON 0075
lcd_string@num           cstackCOMMON 0074
lcd_string@str           cstackCOMMON 0073
reset_vec                reset_vec    0000
start                    init         0000
start_initialization     cinit        07ED
wtemp0                   (abs)        007E


MODULE INFORMATION

Module		Function		Class		Link	Load	Size
codigolcd.c
		_lcd_command   		CODE           	06A7	0000	20
		_lcd_data      		CODE           	06BB	0000	20
		_lcd_initialise		CODE           	06E7	0000	25
		_main          		CODE           	0700	0000	58
		_teclado       		CODE           	073A	0000	179
		_lcd_string    		CODE           	06CF	0000	24

codigolcd.c estimated size: 326

shared
		__stringtab    		STRING         	0003	0000	6
		__initialization		CODE           	07ED	0000	15

shared estimated size: 21

