Microchip MPLAB XC8 Compiler V2.50

Linker command line:

-W-3 \
  --edf=C:\Program Files\Microchip\xc8\v2.50\pic\dat\20240725155939_en.msgs \
  -cn -h+dist/default/production\Lista_9-B.production.sym \
  --cmf=dist/default/production\Lista_9-B.production.cmf -z -Q16F877 \
  -oC:\Users\GUILHE~1\AppData\Local\Temp\xcAsiu8.\driver_tmp_3.o \
  --defsym=__MPLAB_BUILD=1 --fixupoverflow=error \
  -Mdist/default/production/Lista_9-B.production.map \
  --md=C:\Users\GUILHE~1\AppData\Local\Temp\xcAsiu8.\driver_tmp_0.dat -E1 \
  -ver=XC8 Compiler --acfsm=1493 -ACODE=00h-07FFhx4 -ASTRCODE=00h-01FFFh \
  -ASTRING=00h-0FFhx32 -ACONST=00h-0FFhx32 -AENTRY=00h-0FFhx32 \
  -ACOMMON=070h-07Fh -ABANK0=020h-06Fh -ABANK1=0A0h-0EFh \
  -ABANK2=0110h-016Fh -ABANK3=0190h-01EFh \
  -ARAM=020h-06Fh,0A0h-0EFh,0110h-016Fh,0190h-01EFh \
  -AABS1=020h-07Fh,0A0h-0EFh,0110h-016Fh,0190h-01EFh -ASFR0=00h-01Fh \
  -ASFR1=080h-09Fh -ASFR2=0100h-010Fh -ASFR3=0180h-018Fh \
  -ACONFIG=02007h-02007h -DCONFIG=2 -AIDLOC=02000h-02003h -DIDLOC=2 \
  -AEEDATA=00h-0FFh/02100h -peeprom_data=EEDATA -DEEDATA=2 -DCODE=2 \
  -DSTRCODE=2 -DSTRING=2 -DCONST=2 -DENTRY=2 \
  -preset_vec=00h,intentry,sivt,init,end_init -ppowerup=CODE -pcinit=CODE \
  -pfunctab=ENTRY -k \
  C:\Users\GUILHE~1\AppData\Local\Temp\xcAsiu8.\driver_tmp_12.o \
  dist/default/production\Lista_9-B.production.o 

Object code version is 3.11

Machine type is 16F877



                Name                               Link     Load   Length Selector   Space Scale
C:\Users\GUILHE~1\AppData\Local\Temp\xcAsiu8.\driver_tmp_12.o
                end_init                              0        0        3        0       0
                config                             2007     2007        1        0       4
dist/default/production\Lista_9-B.production.o
                cinit                               7F3      7F3        D      FE6       0
                config                             2007     2007        1        0       4
                text9                               628      628       1C      C50       0
                text8                               6EE      6EE       42      DDC       0
                text7                               6B6      6B6       38      D6C       0
                text6                               782      782       71      F04       0
                text5                               600      600       14      C00       0
                text4                               614      614       14      C28       0
                text3                               666      666       26      CCC       0
                text2                               68C      68C       2A      D18       0
                text1                               644      644       22      C88       0
                maintext                            730      730       52      E60       0
                cstackCOMMON                         70       70        E       70       1
                bssBANK0                             20       20        7       20       1
                strings                               3        3       1A        6       0

TOTAL           Name                               Link     Load   Length     Space
        CLASS   CODE           
                end_init                              0        0        3         0
                cinit                               7F3      7F3        D         0
                text9                               628      628       1C         0
                text8                               6EE      6EE       42         0
                text7                               6B6      6B6       38         0
                text6                               782      782       71         0
                text5                               600      600       14         0
                text4                               614      614       14         0
                text3                               666      666       26         0
                text2                               68C      68C       2A         0
                text1                               644      644       22         0
                maintext                            730      730       52         0

        CLASS   STRCODE        

        CLASS   STRING         
                strings                               3        3       1A         0

        CLASS   CONST          

        CLASS   ENTRY          

        CLASS   COMMON         
                cstackCOMMON                         70       70        E         1

        CLASS   BANK0          
                bssBANK0                             20       20        7         1

        CLASS   BANK1          

        CLASS   BANK2          

        CLASS   BANK3          

        CLASS   RAM            

        CLASS   ABS1           
                abs_s1                               7E       7E        2         1

        CLASS   SFR0           

        CLASS   SFR1           

        CLASS   SFR2           

        CLASS   SFR3           

        CLASS   CONFIG         
                config                             2007     2007        1         4

        CLASS   IDLOC          

        CLASS   EEDATA         

        CLASS   HEAP           

        CLASS   STACK          



SEGMENTS        Name                           Load    Length   Top    Selector   Space  Class     Delta

                reset_vec                      000000  000003  000003         0       0  CODE        2
                strings                        000003  00001A  00001D         6       0  STRING      2
                bssBANK0                       000020  000007  000027        20       1  BANK0       1
                cstackCOMMON                   000070  00000E  00007E        70       1  COMMON      1
                text5                          000600  000014  000614       C00       0  CODE        2
                text4                          000614  000014  000628       C28       0  CODE        2
                text9                          000628  00001C  000644       C50       0  CODE        2
                text1                          000644  000022  000666       C88       0  CODE        2
                text3                          000666  000026  00068C       CCC       0  CODE        2
                text2                          00068C  00002A  0006B6       D18       0  CODE        2
                text7                          0006B6  000038  0006EE       D6C       0  CODE        2
                text8                          0006EE  000042  000730       DDC       0  CODE        2
                maintext                       000730  000052  000782       E60       0  CODE        2
                text6                          000782  000071  0007F3       F04       0  CODE        2
                cinit                          0007F3  00000D  000800       FE6       0  CODE        2


UNUSED ADDRESS RANGES

        Name                Unused          Largest block    Delta
        BANK0            0027-006F             49           1
        BANK1            00A0-00EF             50           1
        BANK2            0110-016F             60           1
        BANK3            0190-01EF             60           1
        CODE             001D-05FF            5E3           2
                         0800-1FFF            800
        CONST            001D-05FF            100           2
                         0800-1FFF            100
        EEDATA           2100-21FF            100           2
        ENTRY            001D-05FF            100           2
                         0800-1FFF            100
        IDLOC            2000-2003              4           2
        RAM              0027-006F             49           1
                         00A0-00EF             50
                         0110-016F             60
                         0190-01EF             60
        SFR0             0000-001F             20           1
        SFR1             0080-009F             20           1
        SFR2             0100-010F             10           1
        SFR3             0180-018F             10           1
        STRCODE          001D-05FF            5E3           2
                         0800-1FFF           1800
        STRING           001D-05FF            100           2
                         0800-1FFF            100

                                  Symbol Table

?___lwdiv                    cstackCOMMON 0070
?___lwmod                    cstackCOMMON 0077
_PORTBbits                   (abs)        0006
_PORTD                       (abs)        0008
_PORTEbits                   (abs)        0009
_TRISB                       (abs)        0086
_TRISD                       (abs)        0088
_TRISE                       (abs)        0089
__H__absolute__              __absolute__ 0000
__Habs1                      abs1         0000
__Hbank0                     bank0        0000
__Hbank1                     bank1        0000
__Hbank2                     bank2        0000
__Hbank3                     bank3        0000
__HbssBANK0                  bssBANK0     0000
__Hcinit                     cinit        0800
__Hclrtext                   clrtext      0000
__Hcode                      code         0000
__Hcommon                    common       0000
__Hconfig                    config       2008
__HcstackCOMMON              cstackCOMMON 0000
__Heeprom_data               eeprom_data  0000
__Hend_init                  end_init     0003
__Hfunctab                   functab      0000
__Hheap                      heap         0000
__Hinit                      init         0000
__Hintentry                  intentry     0000
__Hmaintext                  maintext     0000
__Hpowerup                   powerup      0000
__Hram                       ram          0000
__Hreset_vec                 reset_vec    0000
__Hsfr0                      sfr0         0000
__Hsfr1                      sfr1         0000
__Hsfr2                      sfr2         0000
__Hsfr3                      sfr3         0000
__Hsivt                      sivt         0000
__Hspace_0                   (abs)        0800
__Hspace_1                   (abs)        007E
__Hspace_2                   (abs)        0000
__Hspace_3                   (abs)        0000
__Hspace_4                   (abs)        400F
__Hstack                     stack        0000
__Hstrings                   strings      0000
__Htext                      text         0000
__L__absolute__              __absolute__ 0000
__Labs1                      abs1         0000
__Lbank0                     bank0        0000
__Lbank1                     bank1        0000
__Lbank2                     bank2        0000
__Lbank3                     bank3        0000
__LbssBANK0                  bssBANK0     0000
__Lcinit                     cinit        07F3
__Lclrtext                   clrtext      0000
__Lcode                      code         0000
__Lcommon                    common       0000
__Lconfig                    config       0000
__LcstackCOMMON              cstackCOMMON 0000
__Leeprom_data               eeprom_data  0000
__Lend_init                  end_init     0000
__Lfunctab                   functab      0000
__Lheap                      heap         0000
__Linit                      init         0000
__Lintentry                  intentry     0000
__Lmaintext                  maintext     0000
__Lpowerup                   powerup      0000
__Lram                       ram          0000
__Lreset_vec                 reset_vec    0000
__Lsfr0                      sfr0         0000
__Lsfr1                      sfr1         0000
__Lsfr2                      sfr2         0000
__Lsfr3                      sfr3         0000
__Lsivt                      sivt         0000
__Lspace_0                   (abs)        0000
__Lspace_1                   (abs)        0000
__Lspace_2                   (abs)        0000
__Lspace_3                   (abs)        0000
__Lspace_4                   (abs)        0000
__Lstack                     stack        0000
__Lstrings                   strings      0000
__Ltext                      text         0000
__S0                         (abs)        0800
__S1                         (abs)        007E
__S3                         (abs)        0000
___heap_hi                   (abs)        0000
___heap_lo                   (abs)        0000
___int_sp                    stack        0000
___int_stack_hi              stack        0000
___int_stack_lo              stack        0000
___latbits                   (abs)        0002
___lwdiv                     text8        06EE
___lwdiv@counter             cstackCOMMON 0076
___lwdiv@dividend            cstackCOMMON 0072
___lwdiv@divisor             cstackCOMMON 0070
___lwdiv@quotient            cstackCOMMON 0074
___lwmod                     text7        06B6
___lwmod@counter             cstackCOMMON 007B
___lwmod@dividend            cstackCOMMON 0079
___lwmod@divisor             cstackCOMMON 0077
___sp                        stack        0000
___stack_hi                  stack        0000
___stack_lo                  stack        0000
___stackhi                   (abs)        0000
___stacklo                   (abs)        0000
__end_of___lwdiv             text8        0730
__end_of___lwmod             text7        06EE
__end_of__initialization     cinit        07FC
__end_of__stringtab          strings      0013
__end_of_debounce            text9        0644
__end_of_exibir_contador_LCD text2        06B6
__end_of_formata_contador    text6        07F3
__end_of_lcd_command         text5        0614
__end_of_lcd_data            text4        0628
__end_of_lcd_initialise      text1        0666
__end_of_lcd_string          text3        068C
__end_of_main                maintext     0782
__initialization             cinit        07F3
__pbssBANK0                  bssBANK0     0020
__pcstackCOMMON              cstackCOMMON 0070
__pmaintext                  maintext     0730
__pstrings                   strings      0003
__ptext1                     text1        0644
__ptext2                     text2        068C
__ptext3                     text3        0666
__ptext4                     text4        0614
__ptext5                     text5        0600
__ptext6                     text6        0782
__ptext7                     text7        06B6
__ptext8                     text8        06EE
__ptext9                     text9        0628
__stringbase                 strings      0012
__stringtab                  strings      0003
_buffer                      bssBANK0     0022
_contador                    bssBANK0     0020
_debounce                    text9        0628
_exibir_contador_LCD         text2        068C
_formata_contador            text6        0782
_lcd_command                 text5        0600
_lcd_data                    text4        0614
_lcd_initialise              text1        0644
_lcd_string                  text3        0666
_main                        maintext     0730
btemp                        (abs)        007E
debounce@botao               cstackCOMMON 0073
end_of_initialization        cinit        07FC
formata_contador@contador    cstackCOMMON 007C
intlevel0                    functab      0000
intlevel1                    functab      0000
intlevel2                    functab      0000
intlevel3                    functab      0000
intlevel4                    functab      0000
intlevel5                    functab      0000
lcd_command@cmd              cstackCOMMON 0072
lcd_data@data                cstackCOMMON 0072
lcd_string@str               cstackCOMMON 0073
reset_vec                    reset_vec    0000
start                        init         0000
start_initialization         cinit        07F3
wtemp0                       (abs)        007E


MODULE INFORMATION

Module		Function		Class		Link	Load	Size
atividade9b.c
		_lcd_command   		CODE           	0600	0000	20
		_debounce      		CODE           	0628	0000	28
		_lcd_data      		CODE           	0614	0000	20
		_lcd_initialise		CODE           	0644	0000	34
		_main          		CODE           	0730	0000	82
		_formata_contador		CODE           	0782	0000	113
		_exibir_contador_LCD		CODE           	068C	0000	42
		_lcd_string    		CODE           	0666	0000	38

atividade9b.c estimated size: 377

C:\Program Files\Microchip\xc8\v2.50\pic\sources\c99\common\lwmod.c
		___lwmod       		CODE           	06B6	0000	56

C:\Program Files\Microchip\xc8\v2.50\pic\sources\c99\common\lwmod.c estimated size: 56

shared
		__stringtab    		STRING         	0003	0000	16
		__initialization		CODE           	07F3	0000	9

shared estimated size: 25

C:\Program Files\Microchip\xc8\v2.50\pic\sources\c99\common\lwdiv.c
		___lwdiv       		CODE           	06EE	0000	66

C:\Program Files\Microchip\xc8\v2.50\pic\sources\c99\common\lwdiv.c estimated size: 66

