Microchip MPLAB XC8 Compiler V2.50

Linker command line:

-W-3 \
  --edf=C:\Program Files\Microchip\xc8\v2.50\pic\dat\20240725155939_en.msgs \
  -cn -h+dist/default/production\Lista_12a.production.sym \
  --cmf=dist/default/production\Lista_12a.production.cmf -z -Q16F877 \
  -oC:\Users\Yan\AppData\Local\Temp\xcAsbu0.\driver_tmp_3.o \
  --defsym=__MPLAB_BUILD=1 --fixupoverflow=error \
  -Mdist/default/production/Lista_12a.production.map \
  --md=C:\Users\Yan\AppData\Local\Temp\xcAsbu0.\driver_tmp_0.dat -E1 \
  -ver=XC8 Compiler --acfsm=1493 -ACODE=00h-07FFhx4 -ASTRCODE=00h-01FFFh \
  -ASTRING=00h-0FFhx32 -ACONST=00h-0FFhx32 -AENTRY=00h-0FFhx32 \
  -ACOMMON=070h-07Fh -ABANK0=020h-06Fh -ABANK1=0A0h-0EFh \
  -ABANK2=0110h-016Fh -ABANK3=0190h-01EFh \
  -ARAM=020h-06Fh,0A0h-0EFh,0110h-016Fh,0190h-01EFh \
  -AABS1=020h-07Fh,0A0h-0EFh,0110h-016Fh,0190h-01EFh -ASFR0=00h-01Fh \
  -ASFR1=080h-09Fh -ASFR2=0100h-010Fh -ASFR3=0180h-018Fh \
  -ACONFIG=02007h-02007h -DCONFIG=2 -AIDLOC=02000h-02003h -DIDLOC=2 \
  -AEEDATA=00h-0FFh/02100h -peeprom_data=EEDATA -DEEDATA=2 -DCODE=2 \
  -DSTRCODE=2 -DSTRING=2 -DCONST=2 -DENTRY=2 \
  -preset_vec=00h,intentry,sivt,init,end_init -ppowerup=CODE -pcinit=CODE \
  -pfunctab=ENTRY -k \
  C:\Users\Yan\AppData\Local\Temp\xcAsbu0.\driver_tmp_12.o \
  dist/default/production\Lista_12a.production.o 

Object code version is 3.11

Machine type is 16F877



                Name                               Link     Load   Length Selector   Space Scale
C:\Users\Yan\AppData\Local\Temp\xcAsbu0.\driver_tmp_12.o
                end_init                              0        0        3        0       0
                config                             2007     2007        1        0       4
dist/default/production\Lista_12a.production.o
                cinit                               7FC      7FC        4      FF8       0
                config                             2007     2007        1        0       4
                text10                              5AC      5AC        E      B58       0
                text9                               5CA      5CA       17      B94       0
                text8                               6E9      6E9       88      DD2       0
                text7                               5A6      5A6        6      B4C       0
                text6                               61B      61B       36      C36       0
                text5                               5BA      5BA       10      B74       0
                text4                               687      687       62      D0E       0
                text3                               5FD      5FD       1E      BFA       0
                text2                               651      651       36      CA2       0
                text1                               5E1      5E1       1C      BC2       0
                maintext                            771      771       8B      EE2       0
                cstackCOMMON                         70       70        D       70       1
                strings                               3        3       30        6       0

TOTAL           Name                               Link     Load   Length     Space
        CLASS   CODE           
                end_init                              0        0        3         0
                cinit                               7FC      7FC        4         0
                text10                              5AC      5AC        E         0
                text9                               5CA      5CA       17         0
                text8                               6E9      6E9       88         0
                text7                               5A6      5A6        6         0
                text6                               61B      61B       36         0
                text5                               5BA      5BA       10         0
                text4                               687      687       62         0
                text3                               5FD      5FD       1E         0
                text2                               651      651       36         0
                text1                               5E1      5E1       1C         0
                maintext                            771      771       8B         0

        CLASS   STRCODE        

        CLASS   STRING         
                strings                               3        3       30         0

        CLASS   CONST          

        CLASS   ENTRY          

        CLASS   COMMON         
                cstackCOMMON                         70       70        D         1

        CLASS   BANK0          

        CLASS   BANK1          

        CLASS   BANK2          

        CLASS   BANK3          

        CLASS   RAM            

        CLASS   ABS1           
                abs_s1                               7E       7E        2         1

        CLASS   SFR0           

        CLASS   SFR1           

        CLASS   SFR2           

        CLASS   SFR3           

        CLASS   CONFIG         
                config                             2007     2007        1         4

        CLASS   IDLOC          

        CLASS   EEDATA         

        CLASS   HEAP           

        CLASS   STACK          



SEGMENTS        Name                           Load    Length   Top    Selector   Space  Class     Delta

                reset_vec                      000000  000003  000003         0       0  CODE        2
                strings                        000003  000030  000033         6       0  STRING      2
                cstackCOMMON                   000070  00000D  00007D        70       1  COMMON      1
                text7                          0005A6  000006  0005AC       B4C       0  CODE        2
                text10                         0005AC  00000E  0005BA       B58       0  CODE        2
                text5                          0005BA  000010  0005CA       B74       0  CODE        2
                text9                          0005CA  000017  0005E1       B94       0  CODE        2
                text1                          0005E1  00001C  0005FD       BC2       0  CODE        2
                text3                          0005FD  00001E  00061B       BFA       0  CODE        2
                text6                          00061B  000036  000651       C36       0  CODE        2
                text2                          000651  000036  000687       CA2       0  CODE        2
                text4                          000687  000062  0006E9       D0E       0  CODE        2
                text8                          0006E9  000088  000771       DD2       0  CODE        2
                maintext                       000771  00008B  0007FC       EE2       0  CODE        2
                cinit                          0007FC  000004  000800       FF8       0  CODE        2


UNUSED ADDRESS RANGES

        Name                Unused          Largest block    Delta
        BANK0            0020-006F             50           1
        BANK1            00A0-00EF             50           1
        BANK2            0110-016F             60           1
        BANK3            0190-01EF             60           1
        CODE             0033-05A5            573           2
                         0800-1FFF            800
        COMMON           007D-007D              1           1
        CONST            0033-05A5            100           2
                         0800-1FFF            100
        EEDATA           2100-21FF            100           2
        ENTRY            0033-05A5            100           2
                         0800-1FFF            100
        IDLOC            2000-2003              4           2
        RAM              0020-006F             50           1
                         00A0-00EF             50
                         0110-016F             60
                         0190-01EF             60
        SFR0             0000-001F             20           1
        SFR1             0080-009F             20           1
        SFR2             0100-010F             10           1
        SFR3             0180-018F             10           1
        STRCODE          0033-05A5            573           2
                         0800-1FFF           1800
        STRING           0033-05A5            100           2
                         0800-1FFF            100

                                  Symbol Table

EEPROM_Read@address      cstackCOMMON 0070
EEPROM_Write@address     cstackCOMMON 0071
EEPROM_Write@data        cstackCOMMON 0070
Keypad_GetChar@row       cstackCOMMON 0071
LCD_Char@data            cstackCOMMON 0072
LCD_Cmd@cmd              cstackCOMMON 0072
LCD_SetCursor@address    cstackCOMMON 0077
LCD_SetCursor@col        cstackCOMMON 0073
LCD_SetCursor@row        cstackCOMMON 0074
LCD_String@str           cstackCOMMON 0073
_EEADR                   (abs)        010D
_EECON1bits              (abs)        018C
_EECON2                  (abs)        018D
_EEDATA                  (abs)        010C
_EEPROM_Read             text10       05AC
_EEPROM_Write            text9        05CA
_INTCONbits              (abs)        000B
_Keypad_GetChar          text8        06E9
_Keypad_Init             text7        05A6
_LCD_Char                text2        0651
_LCD_Clear               text5        05BA
_LCD_Cmd                 text6        061B
_LCD_Init                text4        0687
_LCD_SetCursor           text3        05FD
_LCD_SetCursor$204       cstackCOMMON 0075
_LCD_String              text1        05E1
_OPTION_REGbits          (abs)        0081
_PORTC                   (abs)        0007
_PORTD                   (abs)        0008
_RB0                     (abs)        0030
_RB1                     (abs)        0031
_RB2                     (abs)        0032
_RB3                     (abs)        0033
_RCSTA                   (abs)        0018
_RE0                     (abs)        0048
_RE1                     (abs)        0049
_SPBRG                   (abs)        0099
_TRISC                   (abs)        0087
_TRISD4                  (abs)        0444
_TRISD5                  (abs)        0445
_TRISD6                  (abs)        0446
_TRISD7                  (abs)        0447
_TRISE0                  (abs)        0448
_TRISE1                  (abs)        0449
_TXIF                    (abs)        0064
_TXREG                   (abs)        0019
_TXSTA                   (abs)        0098
__H__absolute__          __absolute__ 0000
__Habs1                  abs1         0000
__Hbank0                 bank0        0000
__Hbank1                 bank1        0000
__Hbank2                 bank2        0000
__Hbank3                 bank3        0000
__Hcinit                 cinit        0800
__Hclrtext               clrtext      0000
__Hcode                  code         0000
__Hcommon                common       0000
__Hconfig                config       2008
__HcstackCOMMON          cstackCOMMON 0000
__Heeprom_data           eeprom_data  0000
__Hend_init              end_init     0003
__Hfunctab               functab      0000
__Hheap                  heap         0000
__Hinit                  init         0000
__Hintentry              intentry     0000
__Hmaintext              maintext     0000
__Hpowerup               powerup      0000
__Hram                   ram          0000
__Hreset_vec             reset_vec    0000
__Hsfr0                  sfr0         0000
__Hsfr1                  sfr1         0000
__Hsfr2                  sfr2         0000
__Hsfr3                  sfr3         0000
__Hsivt                  sivt         0000
__Hspace_0               (abs)        0800
__Hspace_1               (abs)        007D
__Hspace_2               (abs)        0000
__Hspace_3               (abs)        0000
__Hspace_4               (abs)        400F
__Hstack                 stack        0000
__Hstrings               strings      0000
__Htext                  text         0000
__L__absolute__          __absolute__ 0000
__Labs1                  abs1         0000
__Lbank0                 bank0        0000
__Lbank1                 bank1        0000
__Lbank2                 bank2        0000
__Lbank3                 bank3        0000
__Lcinit                 cinit        07FC
__Lclrtext               clrtext      0000
__Lcode                  code         0000
__Lcommon                common       0000
__Lconfig                config       0000
__LcstackCOMMON          cstackCOMMON 0000
__Leeprom_data           eeprom_data  0000
__Lend_init              end_init     0000
__Lfunctab               functab      0000
__Lheap                  heap         0000
__Linit                  init         0000
__Lintentry              intentry     0000
__Lmaintext              maintext     0000
__Lpowerup               powerup      0000
__Lram                   ram          0000
__Lreset_vec             reset_vec    0000
__Lsfr0                  sfr0         0000
__Lsfr1                  sfr1         0000
__Lsfr2                  sfr2         0000
__Lsfr3                  sfr3         0000
__Lsivt                  sivt         0000
__Lspace_0               (abs)        0000
__Lspace_1               (abs)        0000
__Lspace_2               (abs)        0000
__Lspace_3               (abs)        0000
__Lspace_4               (abs)        0000
__Lstack                 stack        0000
__Lstrings               strings      0000
__Ltext                  text         0000
__S0                     (abs)        0800
__S1                     (abs)        007D
__S3                     (abs)        0000
___heap_hi               (abs)        0000
___heap_lo               (abs)        0000
___int_sp                stack        0000
___int_stack_hi          stack        0000
___int_stack_lo          stack        0000
___latbits               (abs)        0002
___sp                    stack        0000
___stack_hi              stack        0000
___stack_lo              stack        0000
___stackhi               (abs)        0000
___stacklo               (abs)        0000
__end_of_EEPROM_Read     text10       05BA
__end_of_EEPROM_Write    text9        05E1
__end_of_Keypad_GetChar  text8        0771
__end_of_Keypad_Init     text7        05AC
__end_of_LCD_Char        text2        0687
__end_of_LCD_Clear       text5        05CA
__end_of_LCD_Cmd         text6        0651
__end_of_LCD_Init        text4        06E9
__end_of_LCD_SetCursor   text3        061B
__end_of_LCD_String      text1        05FD
__end_of__initialization cinit        07FC
__end_of__stringtab      strings      0009
__end_of_keypad_map      strings      0019
__end_of_main            maintext     07FC
__initialization         cinit        07FC
__pcstackCOMMON          cstackCOMMON 0070
__pmaintext              maintext     0771
__pstrings               strings      0003
__ptext1                 text1        05E1
__ptext10                text10       05AC
__ptext2                 text2        0651
__ptext3                 text3        05FD
__ptext4                 text4        0687
__ptext5                 text5        05BA
__ptext6                 text6        061B
__ptext7                 text7        05A6
__ptext8                 text8        06E9
__ptext9                 text9        05CA
__stringbase             strings      0008
__stringtab              strings      0003
_keypad_map              strings      0009
_main                    maintext     0771
btemp                    (abs)        007E
end_of_initialization    cinit        07FC
intlevel0                functab      0000
intlevel1                functab      0000
intlevel2                functab      0000
intlevel3                functab      0000
intlevel4                functab      0000
intlevel5                functab      0000
main@eeprom_value        cstackCOMMON 007A
main@key_pressed         cstackCOMMON 007C
main@previous_key        cstackCOMMON 007B
reset_vec                reset_vec    0000
start                    init         0000
start_initialization     cinit        07FC
wtemp0                   (abs)        007E


MODULE INFORMATION

Module		Function		Class		Link	Load	Size
shared
		__stringtab    		STRING         	0003	0000	6
		__initialization		CODE           	07FC	0000	1
		_keypad_map    		STRING         	0009	0000	16

shared estimated size: 23

atividade10.c
		_LCD_String    		CODE           	05E1	0000	28
		_LCD_Init      		CODE           	0687	0000	98
		_LCD_Cmd       		CODE           	061B	0000	54
		_EEPROM_Read   		CODE           	05AC	0000	14
		_EEPROM_Write  		CODE           	05CA	0000	23
		_main          		CODE           	0771	0000	139
		_Keypad_Init   		CODE           	05A6	0000	6
		_LCD_SetCursor 		CODE           	05FD	0000	30
		_LCD_Char      		CODE           	0651	0000	54
		_LCD_Clear     		CODE           	05BA	0000	16
		_Keypad_GetChar		CODE           	06E9	0000	136

atividade10.c estimated size: 598

