Microchip MPLAB XC8 Compiler V2.50

Linker command line:

-W-3 \
  --edf=C:\Program Files\Microchip\xc8\v2.50\pic\dat\20240725155939_en.msgs \
  -cn -h+dist/default/production\Lista_6B_.production.sym \
  --cmf=dist/default/production\Lista_6B_.production.cmf -z -Q16F877 \
  -oC:\Users\GUILHE~1\AppData\Local\Temp\xcAs2ko.\driver_tmp_3.o \
  --defsym=__MPLAB_BUILD=1 --fixupoverflow=error \
  -Mdist/default/production/Lista_6B_.production.map \
  --md=C:\Users\GUILHE~1\AppData\Local\Temp\xcAs2ko.\driver_tmp_0.dat -E1 \
  -ver=XC8 Compiler --acfsm=1493 -ACODE=00h-07FFhx4 -ASTRCODE=00h-01FFFh \
  -ASTRING=00h-0FFhx32 -ACONST=00h-0FFhx32 -AENTRY=00h-0FFhx32 \
  -ACOMMON=070h-07Fh -ABANK0=020h-06Fh -ABANK1=0A0h-0EFh \
  -ABANK2=0110h-016Fh -ABANK3=0190h-01EFh \
  -ARAM=020h-06Fh,0A0h-0EFh,0110h-016Fh,0190h-01EFh \
  -AABS1=020h-07Fh,0A0h-0EFh,0110h-016Fh,0190h-01EFh -ASFR0=00h-01Fh \
  -ASFR1=080h-09Fh -ASFR2=0100h-010Fh -ASFR3=0180h-018Fh \
  -ACONFIG=02007h-02007h -DCONFIG=2 -AIDLOC=02000h-02003h -DIDLOC=2 \
  -AEEDATA=00h-0FFh/02100h -peeprom_data=EEDATA -DEEDATA=2 -DCODE=2 \
  -DSTRCODE=2 -DSTRING=2 -DCONST=2 -DENTRY=2 \
  -preset_vec=00h,intentry,sivt,init,end_init -ppowerup=CODE -pcinit=CODE \
  -pfunctab=ENTRY -k \
  C:\Users\GUILHE~1\AppData\Local\Temp\xcAs2ko.\driver_tmp_12.o \
  dist/default/production\Lista_6B_.production.o 

Object code version is 3.11

Machine type is 16F877



                Name                               Link     Load   Length Selector   Space Scale
C:\Users\GUILHE~1\AppData\Local\Temp\xcAs2ko.\driver_tmp_12.o
                end_init                              0        0        3        0       0
                config                             2007     2007        1        0       4
dist/default/production\Lista_6B_.production.o
                cinit                               7F4      7F4        C      FE8       0
                config                             2007     2007        1        0       4
                text9                               665      665       42      CCA       0
                text8                               62D      62D       38      C5A       0
                text7                               5C6      5C6       14      B8C       0
                text6                               5DA      5DA       14      BB4       0
                text5                               607      607       26      C0E       0
                text4                               767      767       8D      ECE       0
                text3                               5B8      5B8        E      B70       0
                text2                               5EE      5EE       19      BDC       0
                text1                               6F2      6F2       75      DE4       0
                maintext                            6A7      6A7       4B      D4E       0
                cstackBANK0                          20       20       14       20       1
                cstackCOMMON                         70       70        8       70       1
                bssBANK0                             34       34        2       20       1
                dataCOMMON                           78       78        1       70       1
                strings                               3        3       21        6       0
                idataCOMMON                         5B7      5B7        1      B6E       0

TOTAL           Name                               Link     Load   Length     Space
        CLASS   CODE           
                end_init                              0        0        3         0
                cinit                               7F4      7F4        C         0
                text9                               665      665       42         0
                text8                               62D      62D       38         0
                text7                               5C6      5C6       14         0
                text6                               5DA      5DA       14         0
                text5                               607      607       26         0
                text4                               767      767       8D         0
                text3                               5B8      5B8        E         0
                text2                               5EE      5EE       19         0
                text1                               6F2      6F2       75         0
                maintext                            6A7      6A7       4B         0
                idataCOMMON                         5B7      5B7        1         0

        CLASS   STRCODE        

        CLASS   STRING         
                strings                               3        3       21         0

        CLASS   CONST          

        CLASS   ENTRY          

        CLASS   COMMON         
                cstackCOMMON                         70       70        8         1
                dataCOMMON                           78       78        1         1

        CLASS   BANK0          
                cstackBANK0                          20       20       14         1
                bssBANK0                             34       34        2         1

        CLASS   BANK1          

        CLASS   BANK2          

        CLASS   BANK3          

        CLASS   RAM            

        CLASS   ABS1           
                abs_s1                               7E       7E        2         1

        CLASS   SFR0           

        CLASS   SFR1           

        CLASS   SFR2           

        CLASS   SFR3           

        CLASS   CONFIG         
                config                             2007     2007        1         4

        CLASS   IDLOC          

        CLASS   EEDATA         

        CLASS   HEAP           

        CLASS   STACK          



SEGMENTS        Name                           Load    Length   Top    Selector   Space  Class     Delta

                reset_vec                      000000  000003  000003         0       0  CODE        2
                strings                        000003  000021  000024         6       0  STRING      2
                cstackBANK0                    000020  000016  000036        20       1  BANK0       1
                cstackCOMMON                   000070  000009  000079        70       1  COMMON      1
                idataCOMMON                    0005B7  000001  0005B8       B6E       0  CODE        2
                text3                          0005B8  00000E  0005C6       B70       0  CODE        2
                text7                          0005C6  000014  0005DA       B8C       0  CODE        2
                text6                          0005DA  000014  0005EE       BB4       0  CODE        2
                text2                          0005EE  000019  000607       BDC       0  CODE        2
                text5                          000607  000026  00062D       C0E       0  CODE        2
                text8                          00062D  000038  000665       C5A       0  CODE        2
                text9                          000665  000042  0006A7       CCA       0  CODE        2
                maintext                       0006A7  00004B  0006F2       D4E       0  CODE        2
                text1                          0006F2  000075  000767       DE4       0  CODE        2
                text4                          000767  00008D  0007F4       ECE       0  CODE        2
                cinit                          0007F4  00000C  000800       FE8       0  CODE        2


UNUSED ADDRESS RANGES

        Name                Unused          Largest block    Delta
        BANK0            0036-006F             3A           1
        BANK1            00A0-00EF             50           1
        BANK2            0110-016F             60           1
        BANK3            0190-01EF             60           1
        CODE             0024-05B6            593           2
                         0800-1FFF            800
        COMMON           0079-007D              5           1
        CONST            0024-05B6            100           2
                         0800-1FFF            100
        EEDATA           2100-21FF            100           2
        ENTRY            0024-05B6            100           2
                         0800-1FFF            100
        IDLOC            2000-2003              4           2
        RAM              0036-006F             3A           1
                         00A0-00EF             50
                         0110-016F             60
                         0190-01EF             60
        SFR0             0000-001F             20           1
        SFR1             0080-009F             20           1
        SFR2             0100-010F             10           1
        SFR3             0180-018F             10           1
        STRCODE          0024-05B6            593           2
                         0800-1FFF           1800
        STRING           0024-05B6            100           2
                         0800-1FFF            100

                                  Symbol Table

?___lwdiv                cstackCOMMON 0070
?___lwmod                cstackCOMMON 0070
_PORTBbits               (abs)        0006
_PORTCbits               (abs)        0007
_PORTD                   (abs)        0008
_PORTEbits               (abs)        0009
_TRISB                   (abs)        0086
_TRISC                   (abs)        0087
_TRISD                   (abs)        0088
_TRISE                   (abs)        0089
__H__absolute__          __absolute__ 0000
__Habs1                  abs1         0000
__Hbank0                 bank0        0000
__Hbank1                 bank1        0000
__Hbank2                 bank2        0000
__Hbank3                 bank3        0000
__HbssBANK0              bssBANK0     0000
__Hcinit                 cinit        0800
__Hclrtext               clrtext      0000
__Hcode                  code         0000
__Hcommon                common       0000
__Hconfig                config       2008
__HcstackBANK0           cstackBANK0  0000
__HcstackCOMMON          cstackCOMMON 0000
__HdataCOMMON            dataCOMMON   0000
__Heeprom_data           eeprom_data  0000
__Hend_init              end_init     0003
__Hfunctab               functab      0000
__Hheap                  heap         0000
__HidataCOMMON           idataCOMMON  0000
__Hinit                  init         0000
__Hintentry              intentry     0000
__Hmaintext              maintext     0000
__Hpowerup               powerup      0000
__Hram                   ram          0000
__Hreset_vec             reset_vec    0000
__Hsfr0                  sfr0         0000
__Hsfr1                  sfr1         0000
__Hsfr2                  sfr2         0000
__Hsfr3                  sfr3         0000
__Hsivt                  sivt         0000
__Hspace_0               (abs)        0800
__Hspace_1               (abs)        0079
__Hspace_2               (abs)        0000
__Hspace_3               (abs)        0000
__Hspace_4               (abs)        400F
__Hstack                 stack        0000
__Hstrings               strings      0000
__Htext                  text         0000
__L__absolute__          __absolute__ 0000
__Labs1                  abs1         0000
__Lbank0                 bank0        0000
__Lbank1                 bank1        0000
__Lbank2                 bank2        0000
__Lbank3                 bank3        0000
__LbssBANK0              bssBANK0     0000
__Lcinit                 cinit        07F4
__Lclrtext               clrtext      0000
__Lcode                  code         0000
__Lcommon                common       0000
__Lconfig                config       0000
__LcstackBANK0           cstackBANK0  0000
__LcstackCOMMON          cstackCOMMON 0000
__LdataCOMMON            dataCOMMON   0000
__Leeprom_data           eeprom_data  0000
__Lend_init              end_init     0000
__Lfunctab               functab      0000
__Lheap                  heap         0000
__LidataCOMMON           idataCOMMON  0000
__Linit                  init         0000
__Lintentry              intentry     0000
__Lmaintext              maintext     0000
__Lpowerup               powerup      0000
__Lram                   ram          0000
__Lreset_vec             reset_vec    0000
__Lsfr0                  sfr0         0000
__Lsfr1                  sfr1         0000
__Lsfr2                  sfr2         0000
__Lsfr3                  sfr3         0000
__Lsivt                  sivt         0000
__Lspace_0               (abs)        0000
__Lspace_1               (abs)        0000
__Lspace_2               (abs)        0000
__Lspace_3               (abs)        0000
__Lspace_4               (abs)        0000
__Lstack                 stack        0000
__Lstrings               strings      0000
__Ltext                  text         0000
__S0                     (abs)        0800
__S1                     (abs)        0079
__S3                     (abs)        0000
___heap_hi               (abs)        0000
___heap_lo               (abs)        0000
___int_sp                stack        0000
___int_stack_hi          stack        0000
___int_stack_lo          stack        0000
___latbits               (abs)        0002
___lwdiv                 text9        0665
___lwdiv@counter         cstackCOMMON 0076
___lwdiv@dividend        cstackCOMMON 0072
___lwdiv@divisor         cstackCOMMON 0070
___lwdiv@quotient        cstackCOMMON 0074
___lwmod                 text8        062D
___lwmod@counter         cstackCOMMON 0074
___lwmod@dividend        cstackCOMMON 0072
___lwmod@divisor         cstackCOMMON 0070
___sp                    stack        0000
___stack_hi              stack        0000
___stack_lo              stack        0000
___stackhi               (abs)        0000
___stacklo               (abs)        0000
__end_of___lwdiv         text9        06A7
__end_of___lwmod         text8        0665
__end_of__initialization cinit        07FC
__end_of__stringtab      strings      0013
__end_of_atualiza_lcd    text4        07F4
__end_of_debounce        text3        05C6
__end_of_lcd_command     text7        05DA
__end_of_lcd_data        text6        05EE
__end_of_lcd_initialise  text2        0607
__end_of_lcd_string      text5        062D
__end_of_main            maintext     06F2
__end_of_teclado         text1        0767
__initialization         cinit        07F4
__pbssBANK0              bssBANK0     0034
__pcstackBANK0           cstackBANK0  0020
__pcstackCOMMON          cstackCOMMON 0070
__pdataCOMMON            dataCOMMON   0078
__pidataCOMMON           idataCOMMON  05B7
__pmaintext              maintext     06A7
__pstrings               strings      0003
__ptext1                 text1        06F2
__ptext2                 text2        05EE
__ptext3                 text3        05B8
__ptext4                 text4        0767
__ptext5                 text5        0607
__ptext6                 text6        05DA
__ptext7                 text7        05C6
__ptext8                 text8        062D
__ptext9                 text9        0665
__stringbase             strings      0012
__stringtab              strings      0003
_atualiza_lcd            text4        0767
_contador                bssBANK0     0034
_debounce                text3        05B8
_lcd_command             text7        05C6
_lcd_data                text6        05DA
_lcd_initialise          text2        05EE
_lcd_string              text5        0607
_main                    maintext     06A7
_tecla_anterior          dataCOMMON   0078
_teclado                 text1        06F2
atualiza_lcd@buffer      cstackBANK0  0020
atualiza_lcd@pos         cstackBANK0  0032
atualiza_lcd@temp        cstackBANK0  0030
btemp                    (abs)        007E
end_of_initialization    cinit        07FC
intlevel0                functab      0000
intlevel1                functab      0000
intlevel2                functab      0000
intlevel3                functab      0000
intlevel4                functab      0000
intlevel5                functab      0000
lcd_command@cmd          cstackCOMMON 0072
lcd_data@data            cstackCOMMON 0072
lcd_string@str           cstackCOMMON 0073
main@tecla               cstackCOMMON 0077
reset_vec                reset_vec    0000
start                    init         0000
start_initialization     cinit        07F4
teclado@tecla            cstackCOMMON 0070
wtemp0                   (abs)        007E


MODULE INFORMATION

Module		Function		Class		Link	Load	Size
C:\Program Files\Microchip\xc8\v2.50\pic\sources\c99\common\lwmod.c
		___lwmod       		CODE           	062D	0000	56

C:\Program Files\Microchip\xc8\v2.50\pic\sources\c99\common\lwmod.c estimated size: 56

shared
		__stringtab    		STRING         	0003	0000	16
		__initialization		CODE           	07F4	0000	8

shared estimated size: 24

codigo.c
		_lcd_command   		CODE           	05C6	0000	20
		_debounce      		CODE           	05B8	0000	14
		_lcd_data      		CODE           	05DA	0000	20
		_lcd_initialise		CODE           	05EE	0000	25
		_main          		CODE           	06A7	0000	75
		_teclado       		CODE           	06F2	0000	117
		_atualiza_lcd  		CODE           	0767	0000	141
		_lcd_string    		CODE           	0607	0000	38

codigo.c estimated size: 450

C:\Program Files\Microchip\xc8\v2.50\pic\sources\c99\common\lwdiv.c
		___lwdiv       		CODE           	0665	0000	66

C:\Program Files\Microchip\xc8\v2.50\pic\sources\c99\common\lwdiv.c estimated size: 66

