Microchip MPLAB XC8 Compiler V2.50

Linker command line:

-W-3 \
  --edf=C:\Program Files\Microchip\xc8\v2.50\pic\dat\20240725155939_en.msgs \
  -cn -h+dist/default/production\Lista_6B_.production.sym \
  --cmf=dist/default/production\Lista_6B_.production.cmf -z -Q16F877 \
  -oC:\Users\GUILHE~1\AppData\Local\Temp\xcAsguc.\driver_tmp_3.o \
  --defsym=__MPLAB_BUILD=1 --fixupoverflow=error \
  -Mdist/default/production/Lista_6B_.production.map \
  --md=C:\Users\GUILHE~1\AppData\Local\Temp\xcAsguc.\driver_tmp_0.dat -E1 \
  -ver=XC8 Compiler --acfsm=1493 -ACODE=00h-07FFhx4 -ASTRCODE=00h-01FFFh \
  -ASTRING=00h-0FFhx32 -ACONST=00h-0FFhx32 -AENTRY=00h-0FFhx32 \
  -ACOMMON=070h-07Fh -ABANK0=020h-06Fh -ABANK1=0A0h-0EFh \
  -ABANK2=0110h-016Fh -ABANK3=0190h-01EFh \
  -ARAM=020h-06Fh,0A0h-0EFh,0110h-016Fh,0190h-01EFh \
  -AABS1=020h-07Fh,0A0h-0EFh,0110h-016Fh,0190h-01EFh -ASFR0=00h-01Fh \
  -ASFR1=080h-09Fh -ASFR2=0100h-010Fh -ASFR3=0180h-018Fh \
  -ACONFIG=02007h-02007h -DCONFIG=2 -AIDLOC=02000h-02003h -DIDLOC=2 \
  -AEEDATA=00h-0FFh/02100h -peeprom_data=EEDATA -DEEDATA=2 -DCODE=2 \
  -DSTRCODE=2 -DSTRING=2 -DCONST=2 -DENTRY=2 \
  -preset_vec=00h,intentry,sivt,init,end_init -ppowerup=CODE -pcinit=CODE \
  -pfunctab=ENTRY -k \
  C:\Users\GUILHE~1\AppData\Local\Temp\xcAsguc.\driver_tmp_17.o \
  dist/default/production\Lista_6B_.production.o 

Object code version is 3.11

Machine type is 16F877



                Name                               Link     Load   Length Selector   Space Scale
C:\Users\GUILHE~1\AppData\Local\Temp\xcAsguc.\driver_tmp_17.o
                end_init                              0        0        3        0       0
                config                             2007     2007        1        0       4
dist/default/production\Lista_6B_.production.o
                cinit                               7EC      7EC       14      FD8       0
                config                             2007     2007        1        0       4
                text20                              26E      26E       14      4DC       0
                text19                              282      282       14      504       0
                text18                              31A      31A       26      634       0
                text17                              4EF      4EF       63      9DE       0
                text16                              498      498       57      930       0
                text15                              25D      25D       11      4BA       0
                text14                              245      245        1      48A       0
                text13                              5C7      5C7       9A      B8E       0
                text12                              340      340       2B      680       0
                text11                              3F2      3F2       53      7E4       0
                text10                              721      721       CB      E42       0
                text9                               2F5      2F5       25      5EA       0
                text8                               445      445       53      88A       0
                text7                               661      661       C0      CC2       0
                text6                               2AF      2AF       23      55E       0
                text5                               2D2      2D2       23      5A4       0
                text4                               36B      36B       36      6D6       0
                text3                               24F      24F        E      49E       0
                text2                               296      296       19      52C       0
                text1                               552      552       75      AA4       0
                maintext                            3A1      3A1       51      742       0
                cstackBANK0                          20       20       4E       20       1
                cstackCOMMON                         70       70        E       70       1
                clrtext                             247      247        8      48E       0
                bssBANK1                             A0       A0       26       A0       1
                dataBANK0                            6F       6F        1       20       1
                bssBANK0                             6E       6E        1       20       1
                strings                               3        3       28        6       0
                idataBANK0                          246      246        1      48C       0

TOTAL           Name                               Link     Load   Length     Space
        CLASS   CODE           
                end_init                              0        0        3         0
                cinit                               7EC      7EC       14         0
                text20                              26E      26E       14         0
                text19                              282      282       14         0
                text18                              31A      31A       26         0
                text17                              4EF      4EF       63         0
                text16                              498      498       57         0
                text15                              25D      25D       11         0
                text14                              245      245        1         0
                text13                              5C7      5C7       9A         0
                text12                              340      340       2B         0
                text11                              3F2      3F2       53         0
                text10                              721      721       CB         0
                text9                               2F5      2F5       25         0
                text8                               445      445       53         0
                text7                               661      661       C0         0
                text6                               2AF      2AF       23         0
                text5                               2D2      2D2       23         0
                text4                               36B      36B       36         0
                text3                               24F      24F        E         0
                text2                               296      296       19         0
                text1                               552      552       75         0
                maintext                            3A1      3A1       51         0
                clrtext                             247      247        8         0
                idataBANK0                          246      246        1         0

        CLASS   STRCODE        

        CLASS   STRING         
                strings                               3        3       28         0

        CLASS   CONST          

        CLASS   ENTRY          

        CLASS   COMMON         
                cstackCOMMON                         70       70        E         1

        CLASS   BANK0          
                cstackBANK0                          20       20       4E         1
                dataBANK0                            6F       6F        1         1
                bssBANK0                             6E       6E        1         1

        CLASS   BANK1          
                bssBANK1                             A0       A0       26         1

        CLASS   BANK2          

        CLASS   BANK3          

        CLASS   RAM            

        CLASS   ABS1           
                abs_s1                               7E       7E        2         1

        CLASS   SFR0           

        CLASS   SFR1           

        CLASS   SFR2           

        CLASS   SFR3           

        CLASS   CONFIG         
                config                             2007     2007        1         4

        CLASS   IDLOC          

        CLASS   EEDATA         

        CLASS   HEAP           

        CLASS   STACK          



SEGMENTS        Name                           Load    Length   Top    Selector   Space  Class     Delta

                reset_vec                      000000  000003  000003         0       0  CODE        2
                strings                        000003  000028  00002B         6       0  STRING      2
                cstackBANK0                    000020  000050  000070        20       1  BANK0       1
                cstackCOMMON                   000070  00000E  00007E        70       1  COMMON      1
                bssBANK1                       0000A0  000026  0000C6        A0       1  BANK1       1
                text14                         000245  000001  000246       48A       0  CODE        2
                idataBANK0                     000246  000001  000247       48C       0  CODE        2
                clrtext                        000247  000008  00024F       48E       0  CODE        2
                text3                          00024F  00000E  00025D       49E       0  CODE        2
                text15                         00025D  000011  00026E       4BA       0  CODE        2
                text20                         00026E  000014  000282       4DC       0  CODE        2
                text19                         000282  000014  000296       504       0  CODE        2
                text2                          000296  000019  0002AF       52C       0  CODE        2
                text6                          0002AF  000023  0002D2       55E       0  CODE        2
                text5                          0002D2  000023  0002F5       5A4       0  CODE        2
                text9                          0002F5  000025  00031A       5EA       0  CODE        2
                text18                         00031A  000026  000340       634       0  CODE        2
                text12                         000340  00002B  00036B       680       0  CODE        2
                text4                          00036B  000036  0003A1       6D6       0  CODE        2
                maintext                       0003A1  000051  0003F2       742       0  CODE        2
                text11                         0003F2  000053  000445       7E4       0  CODE        2
                text8                          000445  000053  000498       88A       0  CODE        2
                text16                         000498  000057  0004EF       930       0  CODE        2
                text17                         0004EF  000063  000552       9DE       0  CODE        2
                text1                          000552  000075  0005C7       AA4       0  CODE        2
                text13                         0005C7  00009A  000661       B8E       0  CODE        2
                text7                          000661  0000C0  000721       CC2       0  CODE        2
                text10                         000721  0000CB  0007EC       E42       0  CODE        2
                cinit                          0007EC  000014  000800       FD8       0  CODE        2


UNUSED ADDRESS RANGES

        Name                Unused          Largest block    Delta
        BANK1            00C6-00EF             2A           1
        BANK2            0110-016F             60           1
        BANK3            0190-01EF             60           1
        CODE             002B-0244            21A           2
                         0800-1FFF            800
        CONST            002B-0244            100           2
                         0800-1FFF            100
        EEDATA           2100-21FF            100           2
        ENTRY            002B-0244            100           2
                         0800-1FFF            100
        IDLOC            2000-2003              4           2
        RAM              00C6-00EF             2A           1
                         0110-016F             60
                         0190-01EF             60
        SFR0             0000-001F             20           1
        SFR1             0080-009F             20           1
        SFR2             0100-010F             10           1
        SFR3             0180-018F             10           1
        STRCODE          002B-0244            21A           2
                         0800-1FFF           1800
        STRING           002B-0244            100           2
                         0800-1FFF            100

                                  Symbol Table

?___awdiv                   cstackCOMMON 0070
?___awmod                   cstackCOMMON 0070
?___wmul                    cstackCOMMON 0070
?_abs                       cstackCOMMON 0076
?_read_prec_or_width        cstackCOMMON 0076
?_sprintf                   cstackBANK0  004C
?_vfprintf                  cstackBANK0  0047
_PORTBbits                  (abs)        0006
_PORTCbits                  (abs)        0007
_PORTD                      (abs)        0008
_PORTEbits                  (abs)        0009
_TRISB                      (abs)        0086
_TRISC                      (abs)        0087
_TRISD                      (abs)        0088
_TRISE                      (abs)        0089
__H__absolute__             __absolute__ 0000
__Habs1                     abs1         0000
__Hbank0                    bank0        0000
__Hbank1                    bank1        0000
__Hbank2                    bank2        0000
__Hbank3                    bank3        0000
__HbssBANK0                 bssBANK0     0000
__HbssBANK1                 bssBANK1     0000
__Hcinit                    cinit        0800
__Hclrtext                  clrtext      0000
__Hcode                     code         0000
__Hcommon                   common       0000
__Hconfig                   config       2008
__HcstackBANK0              cstackBANK0  0000
__HcstackCOMMON             cstackCOMMON 0000
__HdataBANK0                dataBANK0    0000
__Heeprom_data              eeprom_data  0000
__Hend_init                 end_init     0003
__Hfunctab                  functab      0000
__Hheap                     heap         0000
__HidataBANK0               idataBANK0   0000
__Hinit                     init         0000
__Hintentry                 intentry     0000
__Hmaintext                 maintext     0000
__Hpowerup                  powerup      0000
__Hram                      ram          0000
__Hreset_vec                reset_vec    0000
__Hsfr0                     sfr0         0000
__Hsfr1                     sfr1         0000
__Hsfr2                     sfr2         0000
__Hsfr3                     sfr3         0000
__Hsivt                     sivt         0000
__Hspace_0                  (abs)        0800
__Hspace_1                  (abs)        00C6
__Hspace_2                  (abs)        0000
__Hspace_3                  (abs)        0000
__Hspace_4                  (abs)        400F
__Hstack                    stack        0000
__Hstrings                  strings      0000
__Htext                     text         0000
__L__absolute__             __absolute__ 0000
__Labs1                     abs1         0000
__Lbank0                    bank0        0000
__Lbank1                    bank1        0000
__Lbank2                    bank2        0000
__Lbank3                    bank3        0000
__LbssBANK0                 bssBANK0     0000
__LbssBANK1                 bssBANK1     0000
__Lcinit                    cinit        07EC
__Lclrtext                  clrtext      0000
__Lcode                     code         0000
__Lcommon                   common       0000
__Lconfig                   config       0000
__LcstackBANK0              cstackBANK0  0000
__LcstackCOMMON             cstackCOMMON 0000
__LdataBANK0                dataBANK0    0000
__Leeprom_data              eeprom_data  0000
__Lend_init                 end_init     0000
__Lfunctab                  functab      0000
__Lheap                     heap         0000
__LidataBANK0               idataBANK0   0000
__Linit                     init         0000
__Lintentry                 intentry     0000
__Lmaintext                 maintext     0000
__Lpowerup                  powerup      0000
__Lram                      ram          0000
__Lreset_vec                reset_vec    0000
__Lsfr0                     sfr0         0000
__Lsfr1                     sfr1         0000
__Lsfr2                     sfr2         0000
__Lsfr3                     sfr3         0000
__Lsivt                     sivt         0000
__Lspace_0                  (abs)        0000
__Lspace_1                  (abs)        0000
__Lspace_2                  (abs)        0000
__Lspace_3                  (abs)        0000
__Lspace_4                  (abs)        0000
__Lstack                    stack        0000
__Lstrings                  strings      0000
__Ltext                     text         0000
__S0                        (abs)        0800
__S1                        (abs)        00C6
__S3                        (abs)        0000
___awdiv                    text17       04EF
___awdiv@counter            cstackCOMMON 0074
___awdiv@dividend           cstackCOMMON 0072
___awdiv@divisor            cstackCOMMON 0070
___awdiv@quotient           cstackCOMMON 0076
___awdiv@sign               cstackCOMMON 0075
___awmod                    text16       0498
___awmod@counter            cstackCOMMON 0074
___awmod@dividend           cstackCOMMON 0072
___awmod@divisor            cstackCOMMON 0070
___awmod@sign               cstackCOMMON 0075
___heap_hi                  (abs)        0000
___heap_lo                  (abs)        0000
___int_sp                   stack        0000
___int_stack_hi             stack        0000
___int_stack_lo             stack        0000
___latbits                  (abs)        0002
___sp                       stack        0000
___stack_hi                 stack        0000
___stack_lo                 stack        0000
___stackhi                  (abs)        0000
___stacklo                  (abs)        0000
___wmul                     text9        02F5
___wmul@multiplicand        cstackCOMMON 0072
___wmul@multiplier          cstackCOMMON 0070
___wmul@product             cstackCOMMON 0074
__end_of___awdiv            text17       0552
__end_of___awmod            text16       04EF
__end_of___wmul             text9        031A
__end_of__initialization    cinit        07FC
__end_of__stringtab         strings      0013
__end_of_abs                text15       026E
__end_of_atualiza_lcd       text4        03A1
__end_of_debounce           text3        025D
__end_of_dtoa               text10       07EC
__end_of_fputc              text13       0661
__end_of_fputs              text12       036B
__end_of_lcd_command        text20       0282
__end_of_lcd_data           text19       0296
__end_of_lcd_initialise     text2        02AF
__end_of_lcd_string         text18       0340
__end_of_main               maintext     03F2
__end_of_pad                text11       0445
__end_of_putch              text14       0246
__end_of_read_prec_or_width text8        0498
__end_of_sprintf            text5        02F5
__end_of_teclado            text1        05C7
__end_of_vfpfcnvrt          text7        0721
__end_of_vfprintf           text6        02D2
__initialization            cinit        07EC
__pbssBANK0                 bssBANK0     006E
__pbssBANK1                 bssBANK1     00A0
__pcstackBANK0              cstackBANK0  0020
__pcstackCOMMON             cstackCOMMON 0070
__pdataBANK0                dataBANK0    006F
__pidataBANK0               idataBANK0   0246
__pmaintext                 maintext     03A1
__pstrings                  strings      0003
__ptext1                    text1        0552
__ptext10                   text10       0721
__ptext11                   text11       03F2
__ptext12                   text12       0340
__ptext13                   text13       05C7
__ptext14                   text14       0245
__ptext15                   text15       025D
__ptext16                   text16       0498
__ptext17                   text17       04EF
__ptext18                   text18       031A
__ptext19                   text19       0282
__ptext2                    text2        0296
__ptext20                   text20       026E
__ptext3                    text3        024F
__ptext4                    text4        036B
__ptext5                    text5        02D2
__ptext6                    text6        02AF
__ptext7                    text7        0661
__ptext8                    text8        0445
__ptext9                    text9        02F5
__stringbase                strings      0012
__stringtab                 strings      0003
_abs                        text15       025D
_atualiza_lcd               text4        036B
_contador                   bssBANK1     00A4
_dbuf                       bssBANK1     00A6
_debounce                   text3        024F
_dtoa                       text10       0721
_dtoa$660                   cstackBANK0  0033
_flags                      bssBANK0     006E
_fputc                      text13       05C7
_fputs                      text12       0340
_lcd_command                text20       026E
_lcd_data                   text19       0282
_lcd_initialise             text2        0296
_lcd_string                 text18       031A
_main                       maintext     03A1
_pad                        text11       03F2
_prec                       bssBANK1     00A2
_putch                      text14       0245
_read_prec_or_width         text8        0445
_sprintf                    text5        02D2
_teclado                    text1        0552
_vfpfcnvrt                  text7        0661
_vfprintf                   text6        02AF
_width                      bssBANK1     00A0
abs@a                       cstackCOMMON 0076
atualiza_lcd@buffer         cstackBANK0  005D
btemp                       (abs)        007E
clear_ram0                  clrtext      0247
dtoa@d                      cstackBANK0  0031
dtoa@fp                     cstackBANK0  002F
dtoa@i                      cstackBANK0  0039
dtoa@p                      cstackBANK0  0035
dtoa@s                      cstackBANK0  0038
dtoa@w                      cstackBANK0  0036
end_of_initialization       cinit        07FC
fputc@c                     cstackCOMMON 0070
fputc@fp                    cstackCOMMON 0072
fputs@c                     cstackBANK0  0025
fputs@fp                    cstackBANK0  0021
fputs@i                     cstackBANK0  0026
fputs@s                     cstackBANK0  0020
intlevel0                   functab      0000
intlevel1                   functab      0000
intlevel2                   functab      0000
intlevel3                   functab      0000
intlevel4                   functab      0000
intlevel5                   functab      0000
lcd_command@cmd             cstackCOMMON 0072
lcd_data@data               cstackCOMMON 0072
lcd_string@str              cstackCOMMON 0073
main@tecla                  cstackBANK0  006D
pad@buf                     cstackBANK0  002A
pad@fp                      cstackBANK0  0028
pad@i                       cstackBANK0  002D
pad@p                       cstackBANK0  002B
read_prec_or_width@ap       cstackCOMMON 0077
read_prec_or_width@c        cstackCOMMON 0078
read_prec_or_width@fmt      cstackCOMMON 0076
read_prec_or_width@n        cstackCOMMON 0079
reset_vec                   reset_vec    0000
sprintf@ap                  cstackBANK0  0051
sprintf@f                   cstackBANK0  0052
sprintf@fmt                 cstackBANK0  004D
sprintf@s                   cstackBANK0  004C
start                       init         0000
start_initialization        cinit        07EC
teclado@tecla               cstackCOMMON 0070
vfpfcnvrt@ap                cstackBANK0  003E
vfpfcnvrt@convarg           cstackBANK0  0041
vfpfcnvrt@cp                cstackBANK0  0046
vfpfcnvrt@done              cstackBANK0  0045
vfpfcnvrt@fmt               cstackBANK0  003D
vfpfcnvrt@fp                cstackBANK0  003B
vfprintf@ap                 cstackBANK0  004A
vfprintf@cfmt               cstackBANK0  004B
vfprintf@fmt                cstackBANK0  0049
vfprintf@fp                 cstackBANK0  0047
wtemp0                      (abs)        007E


MODULE INFORMATION

Module		Function		Class		Link	Load	Size
C:\Program Files\Microchip\xc8\v2.50\pic\sources\c99\common\Umul16.c
		___wmul        		CODE           	02F5	0000	37

C:\Program Files\Microchip\xc8\v2.50\pic\sources\c99\common\Umul16.c estimated size: 37

C:\Program Files\Microchip\xc8\v2.50\pic\sources\c99\common\nf_fputs.c
		_fputs         		CODE           	0340	0000	43

C:\Program Files\Microchip\xc8\v2.50\pic\sources\c99\common\nf_fputs.c estimated size: 43

C:\Program Files\Microchip\xc8\v2.50\pic\sources\c99\common\awmod.c
		___awmod       		CODE           	0498	0000	87

C:\Program Files\Microchip\xc8\v2.50\pic\sources\c99\common\awmod.c estimated size: 87

C:\Program Files\Microchip\xc8\v2.50\pic\sources\c99\common\putch.c
		_putch         		CODE           	0245	0000	1

C:\Program Files\Microchip\xc8\v2.50\pic\sources\c99\common\putch.c estimated size: 1

C:\Program Files\Microchip\xc8\v2.50\pic\sources\c99\common\abs.c
		_abs           		CODE           	025D	0000	17

C:\Program Files\Microchip\xc8\v2.50\pic\sources\c99\common\abs.c estimated size: 17

C:\Program Files\Microchip\xc8\v2.50\pic\sources\c99\common\nf_sprintf.c
		_sprintf       		CODE           	02D2	0000	35

C:\Program Files\Microchip\xc8\v2.50\pic\sources\c99\common\nf_sprintf.c estimated size: 35

C:\Program Files\Microchip\xc8\v2.50\pic\sources\c99\common\nf_fputc.c
		_fputc         		CODE           	05C7	0000	154

C:\Program Files\Microchip\xc8\v2.50\pic\sources\c99\common\nf_fputc.c estimated size: 154

shared
		__stringtab    		STRING         	0003	0000	16
		__initialization		CODE           	07EC	0000	16

shared estimated size: 32

codigo.c
		_lcd_command   		CODE           	026E	0000	20
		_debounce      		CODE           	024F	0000	14
		_lcd_data      		CODE           	0282	0000	20
		_lcd_initialise		CODE           	0296	0000	25
		_main          		CODE           	03A1	0000	81
		_teclado       		CODE           	0552	0000	117
		_atualiza_lcd  		CODE           	036B	0000	54
		_lcd_string    		CODE           	031A	0000	38

codigo.c estimated size: 369

C:\Program Files\Microchip\xc8\v2.50\pic\sources\c99\common\awdiv.c
		___awdiv       		CODE           	04EF	0000	99

C:\Program Files\Microchip\xc8\v2.50\pic\sources\c99\common\awdiv.c estimated size: 99

C:\Program Files\Microchip\xc8\v2.50\pic\sources\c99\common\doprnt.c
		_read_prec_or_width		CODE           	0445	0000	83
		_vfpfcnvrt     		CODE           	0661	0000	192
		_pad           		CODE           	03F2	0000	83
		_dtoa          		CODE           	0721	0000	203
		_vfprintf      		CODE           	02AF	0000	35

C:\Program Files\Microchip\xc8\v2.50\pic\sources\c99\common\doprnt.c estimated size: 596

