Microchip MPLAB XC8 Compiler V2.50

Linker command line:

-W-3 \
  --edf=C:\Program Files\Microchip\xc8\v2.50\pic\dat\20240725155939_en.msgs \
  -cn -h+dist/default/production\Lista_13.production.sym \
  --cmf=dist/default/production\Lista_13.production.cmf -z -Q16F877 \
  -oC:\Users\Yan\AppData\Local\Temp\xcBsf4c.1\driver_tmp_3.o \
  --defsym=__MPLAB_BUILD=1 --fixupoverflow=error \
  -Mdist/default/production/Lista_13.production.map \
  --md=C:\Users\Yan\AppData\Local\Temp\xcBsf4c.1\driver_tmp_0.dat -E1 \
  -ver=XC8 Compiler --acfsm=1493 -ACODE=00h-07FFhx4 -ASTRCODE=00h-01FFFh \
  -ASTRING=00h-0FFhx32 -ACONST=00h-0FFhx32 -AENTRY=00h-0FFhx32 \
  -ACOMMON=070h-07Fh -ABANK0=020h-06Fh -ABANK1=0A0h-0EFh \
  -ABANK2=0110h-016Fh -ABANK3=0190h-01EFh \
  -ARAM=020h-06Fh,0A0h-0EFh,0110h-016Fh,0190h-01EFh \
  -AABS1=020h-07Fh,0A0h-0EFh,0110h-016Fh,0190h-01EFh -ASFR0=00h-01Fh \
  -ASFR1=080h-09Fh -ASFR2=0100h-010Fh -ASFR3=0180h-018Fh \
  -ACONFIG=02007h-02007h -DCONFIG=2 -AIDLOC=02000h-02003h -DIDLOC=2 \
  -AEEDATA=00h-0FFh/02100h -peeprom_data=EEDATA -DEEDATA=2 -DCODE=2 \
  -DSTRCODE=2 -DSTRING=2 -DCONST=2 -DENTRY=2 \
  -preset_vec=00h,intentry,sivt,init,end_init -ppowerup=CODE -pcinit=CODE \
  -pfunctab=ENTRY -k \
  C:\Users\Yan\AppData\Local\Temp\xcBsf4c.1\driver_tmp_12.o \
  dist/default/production\Lista_13.production.o 

Object code version is 3.11

Machine type is 16F877



                Name                               Link     Load   Length Selector   Space Scale
C:\Users\Yan\AppData\Local\Temp\xcBsf4c.1\driver_tmp_12.o
                end_init                              0        0        3        0       0
dist/default/production\Lista_13.production.o
                cinit                               7FC      7FC        4      FF8       0
                text12                              798      798       64      F30       0
                text11                              689      689       36      D12       0
                text10                              5F3      5F3        8      BE6       0
                text9                               5FB      5FB        8      BF6       0
                text8                               63C      63C       16      C78       0
                text7                               6F5      6F5       48      DEA       0
                text6                               652      652       1B      CA4       0
                text5                               603      603       12      C06       0
                text4                               73D      73D       5B      E7A       0
                text3                               615      615       13      C2A       0
                text2                               66D      66D       1C      CDA       0
                text1                               628      628       14      C50       0
                maintext                            6BF      6BF       36      D7E       0
                cstackBANK0                          20       20        8       20       1
                cstackCOMMON                         70       70        E       70       1
                strings                               3        3       14        6       0

TOTAL           Name                               Link     Load   Length     Space
        CLASS   CODE           
                end_init                              0        0        3         0
                cinit                               7FC      7FC        4         0
                text12                              798      798       64         0
                text11                              689      689       36         0
                text10                              5F3      5F3        8         0
                text9                               5FB      5FB        8         0
                text8                               63C      63C       16         0
                text7                               6F5      6F5       48         0
                text6                               652      652       1B         0
                text5                               603      603       12         0
                text4                               73D      73D       5B         0
                text3                               615      615       13         0
                text2                               66D      66D       1C         0
                text1                               628      628       14         0
                maintext                            6BF      6BF       36         0

        CLASS   STRCODE        

        CLASS   STRING         
                strings                               3        3       14         0

        CLASS   CONST          

        CLASS   ENTRY          

        CLASS   COMMON         
                cstackCOMMON                         70       70        E         1

        CLASS   BANK0          
                cstackBANK0                          20       20        8         1

        CLASS   BANK1          

        CLASS   BANK2          

        CLASS   BANK3          

        CLASS   RAM            

        CLASS   ABS1           
                abs_s1                               7E       7E        2         1

        CLASS   SFR0           

        CLASS   SFR1           

        CLASS   SFR2           

        CLASS   SFR3           

        CLASS   CONFIG         

        CLASS   IDLOC          

        CLASS   EEDATA         

        CLASS   HEAP           

        CLASS   STACK          



SEGMENTS        Name                           Load    Length   Top    Selector   Space  Class     Delta

                reset_vec                      000000  000003  000003         0       0  CODE        2
                strings                        000003  000014  000017         6       0  STRING      2
                cstackBANK0                    000020  000008  000028        20       1  BANK0       1
                cstackCOMMON                   000070  00000E  00007E        70       1  COMMON      1
                text10                         0005F3  000008  0005FB       BE6       0  CODE        2
                text9                          0005FB  000008  000603       BF6       0  CODE        2
                text5                          000603  000012  000615       C06       0  CODE        2
                text3                          000615  000013  000628       C2A       0  CODE        2
                text1                          000628  000014  00063C       C50       0  CODE        2
                text8                          00063C  000016  000652       C78       0  CODE        2
                text6                          000652  00001B  00066D       CA4       0  CODE        2
                text2                          00066D  00001C  000689       CDA       0  CODE        2
                text11                         000689  000036  0006BF       D12       0  CODE        2
                maintext                       0006BF  000036  0006F5       D7E       0  CODE        2
                text7                          0006F5  000048  00073D       DEA       0  CODE        2
                text4                          00073D  00005B  000798       E7A       0  CODE        2
                text12                         000798  000064  0007FC       F30       0  CODE        2
                cinit                          0007FC  000004  000800       FF8       0  CODE        2


UNUSED ADDRESS RANGES

        Name                Unused          Largest block    Delta
        BANK0            0028-006F             48           1
        BANK1            00A0-00EF             50           1
        BANK2            0110-016F             60           1
        BANK3            0190-01EF             60           1
        CODE             0017-05F2            5DC           2
                         0800-1FFF            800
        CONFIG           2007-2007              1           2
        CONST            0017-05F2            100           2
                         0800-1FFF            100
        EEDATA           2100-21FF            100           2
        ENTRY            0017-05F2            100           2
                         0800-1FFF            100
        IDLOC            2000-2003              4           2
        RAM              0028-006F             48           1
                         00A0-00EF             50
                         0110-016F             60
                         0190-01EF             60
        SFR0             0000-001F             20           1
        SFR1             0080-009F             20           1
        SFR2             0100-010F             10           1
        SFR3             0180-018F             10           1
        STRCODE          0017-05F2            5DC           2
                         0800-1FFF           1800
        STRING           0017-05F2            100           2
                         0800-1FFF            100

                                  Symbol Table

?___lldiv                 cstackCOMMON 0070
I2C_Master_Init@c         cstackBANK0  0020
I2C_Master_Write@data     cstackCOMMON 0070
LCD_command@cmd           cstackCOMMON 007A
LCD_data@data             cstackCOMMON 007A
LCD_print@str             cstackCOMMON 007B
LCD_sendByte@byte         cstackCOMMON 0077
LCD_sendByte@rs           cstackCOMMON 0075
LCD_sendNibble@data       cstackCOMMON 0074
LCD_sendNibble@nibble     cstackCOMMON 0073
LCD_sendNibble@rs         cstackCOMMON 0071
LCD_setCursor@coluna      cstackCOMMON 007B
LCD_setCursor@linha       cstackCOMMON 007C
LCD_setCursor@pos         cstackCOMMON 007D
_BF                       (abs)        04A0
_I2C_Master_Init          text11       0689
_I2C_Master_Start         text10       05F3
_I2C_Master_Stop          text9        05FB
_I2C_Master_Write         text8        063C
_LCD_command              text5        0603
_LCD_data                 text3        0615
_LCD_init                 text4        073D
_LCD_print                text2        066D
_LCD_sendByte             text6        0652
_LCD_sendNibble           text7        06F5
_LCD_setCursor            text1        0628
_PEN                      (abs)        048A
_RSEN                     (abs)        0489
_SEN                      (abs)        0488
_SSPADD                   (abs)        0093
_SSPBUF                   (abs)        0013
_SSPCON                   (abs)        0014
_SSPCON2                  (abs)        0091
_SSPSTAT                  (abs)        0094
__H__absolute__           __absolute__ 0000
__Habs1                   abs1         0000
__Hbank0                  bank0        0000
__Hbank1                  bank1        0000
__Hbank2                  bank2        0000
__Hbank3                  bank3        0000
__Hcinit                  cinit        0800
__Hclrtext                clrtext      0000
__Hcode                   code         0000
__Hcommon                 common       0000
__HcstackBANK0            cstackBANK0  0000
__HcstackCOMMON           cstackCOMMON 0000
__Heeprom_data            eeprom_data  0000
__Hend_init               end_init     0003
__Hfunctab                functab      0000
__Hheap                   heap         0000
__Hinit                   init         0000
__Hintentry               intentry     0000
__Hmaintext               maintext     0000
__Hpowerup                powerup      0000
__Hram                    ram          0000
__Hreset_vec              reset_vec    0000
__Hsfr0                   sfr0         0000
__Hsfr1                   sfr1         0000
__Hsfr2                   sfr2         0000
__Hsfr3                   sfr3         0000
__Hsivt                   sivt         0000
__Hspace_0                (abs)        0800
__Hspace_1                (abs)        007E
__Hspace_2                (abs)        0000
__Hspace_3                (abs)        0000
__Hstack                  stack        0000
__Hstrings                strings      0000
__Htext                   text         0000
__L__absolute__           __absolute__ 0000
__Labs1                   abs1         0000
__Lbank0                  bank0        0000
__Lbank1                  bank1        0000
__Lbank2                  bank2        0000
__Lbank3                  bank3        0000
__Lcinit                  cinit        07FC
__Lclrtext                clrtext      0000
__Lcode                   code         0000
__Lcommon                 common       0000
__LcstackBANK0            cstackBANK0  0000
__LcstackCOMMON           cstackCOMMON 0000
__Leeprom_data            eeprom_data  0000
__Lend_init               end_init     0000
__Lfunctab                functab      0000
__Lheap                   heap         0000
__Linit                   init         0000
__Lintentry               intentry     0000
__Lmaintext               maintext     0000
__Lpowerup                powerup      0000
__Lram                    ram          0000
__Lreset_vec              reset_vec    0000
__Lsfr0                   sfr0         0000
__Lsfr1                   sfr1         0000
__Lsfr2                   sfr2         0000
__Lsfr3                   sfr3         0000
__Lsivt                   sivt         0000
__Lspace_0                (abs)        0000
__Lspace_1                (abs)        0000
__Lspace_2                (abs)        0000
__Lspace_3                (abs)        0000
__Lstack                  stack        0000
__Lstrings                strings      0000
__Ltext                   text         0000
__S0                      (abs)        0800
__S1                      (abs)        007E
__S3                      (abs)        0000
___heap_hi                (abs)        0000
___heap_lo                (abs)        0000
___int_sp                 stack        0000
___int_stack_hi           stack        0000
___int_stack_lo           stack        0000
___latbits                (abs)        0002
___lldiv                  text12       0798
___lldiv@counter          cstackCOMMON 007D
___lldiv@dividend         cstackCOMMON 0074
___lldiv@divisor          cstackCOMMON 0070
___lldiv@quotient         cstackCOMMON 0079
___sp                     stack        0000
___stack_hi               stack        0000
___stack_lo               stack        0000
___stackhi                (abs)        0000
___stacklo                (abs)        0000
__end_of_I2C_Master_Init  text11       06BF
__end_of_I2C_Master_Start text10       05FB
__end_of_I2C_Master_Stop  text9        0603
__end_of_I2C_Master_Write text8        0652
__end_of_LCD_command      text5        0615
__end_of_LCD_data         text3        0628
__end_of_LCD_init         text4        0798
__end_of_LCD_print        text2        0689
__end_of_LCD_sendByte     text6        066D
__end_of_LCD_sendNibble   text7        073D
__end_of_LCD_setCursor    text1        063C
__end_of___lldiv          text12       07FC
__end_of__initialization  cinit        07FC
__end_of__stringtab       strings      0009
__end_of_main             maintext     06F5
__initialization          cinit        07FC
__pcstackBANK0            cstackBANK0  0020
__pcstackCOMMON           cstackCOMMON 0070
__pmaintext               maintext     06BF
__pstrings                strings      0003
__ptext1                  text1        0628
__ptext10                 text10       05F3
__ptext11                 text11       0689
__ptext12                 text12       0798
__ptext2                  text2        066D
__ptext3                  text3        0615
__ptext4                  text4        073D
__ptext5                  text5        0603
__ptext6                  text6        0652
__ptext7                  text7        06F5
__ptext8                  text8        063C
__ptext9                  text9        05FB
__stringbase              strings      0008
__stringtab               strings      0003
_main                     maintext     06BF
btemp                     (abs)        007E
end_of_initialization     cinit        07FC
intlevel0                 functab      0000
intlevel1                 functab      0000
intlevel2                 functab      0000
intlevel3                 functab      0000
intlevel4                 functab      0000
intlevel5                 functab      0000
reset_vec                 reset_vec    0000
start                     init         0000
start_initialization      cinit        07FC
wtemp0                    (abs)        007E


MODULE INFORMATION

Module		Function		Class		Link	Load	Size
C:\Program Files\Microchip\xc8\v2.50\pic\sources\c99\common\__lldiv.c
		___lldiv       		CODE           	0798	0000	100

C:\Program Files\Microchip\xc8\v2.50\pic\sources\c99\common\__lldiv.c estimated size: 100

shared
		__stringtab    		STRING         	0003	0000	6
		__initialization		CODE           	07FC	0000	1

shared estimated size: 7

atividade10.c
		_LCD_print     		CODE           	066D	0000	28
		_I2C_Master_Init		CODE           	0689	0000	54
		_I2C_Master_Stop		CODE           	05FB	0000	8
		_main          		CODE           	06BF	0000	54
		_LCD_init      		CODE           	073D	0000	91
		_LCD_command   		CODE           	0603	0000	18
		_LCD_sendByte  		CODE           	0652	0000	27
		_LCD_data      		CODE           	0615	0000	19
		_I2C_Master_Write		CODE           	063C	0000	22
		_LCD_sendNibble		CODE           	06F5	0000	72
		_LCD_setCursor 		CODE           	0628	0000	20
		_I2C_Master_Start		CODE           	05F3	0000	8

atividade10.c estimated size: 421

