Microchip MPLAB XC8 Compiler V2.50

Linker command line:

-W-3 \
  --edf=C:\Program Files\Microchip\xc8\v2.50\pic\dat\20240725155939_en.msgs \
  -cn -h+dist/default/production\Lista_13.production.sym \
  --cmf=dist/default/production\Lista_13.production.cmf -z -Q16F877 \
  -oC:\Users\Yan\AppData\Local\Temp\xcAs6sk.\driver_tmp_3.o \
  --defsym=__MPLAB_BUILD=1 --fixupoverflow=error \
  -Mdist/default/production/Lista_13.production.map \
  --md=C:\Users\Yan\AppData\Local\Temp\xcAs6sk.\driver_tmp_0.dat -E1 \
  -ver=XC8 Compiler --acfsm=1493 -ACODE=00h-07FFhx4 -ASTRCODE=00h-01FFFh \
  -ASTRING=00h-0FFhx32 -ACONST=00h-0FFhx32 -AENTRY=00h-0FFhx32 \
  -ACOMMON=070h-07Fh -ABANK0=020h-06Fh -ABANK1=0A0h-0EFh \
  -ABANK2=0110h-016Fh -ABANK3=0190h-01EFh \
  -ARAM=020h-06Fh,0A0h-0EFh,0110h-016Fh,0190h-01EFh \
  -AABS1=020h-07Fh,0A0h-0EFh,0110h-016Fh,0190h-01EFh -ASFR0=00h-01Fh \
  -ASFR1=080h-09Fh -ASFR2=0100h-010Fh -ASFR3=0180h-018Fh \
  -ACONFIG=02007h-02007h -DCONFIG=2 -AIDLOC=02000h-02003h -DIDLOC=2 \
  -AEEDATA=00h-0FFh/02100h -peeprom_data=EEDATA -DEEDATA=2 -DCODE=2 \
  -DSTRCODE=2 -DSTRING=2 -DCONST=2 -DENTRY=2 \
  -preset_vec=00h,intentry,sivt,init,end_init -ppowerup=CODE -pcinit=CODE \
  -pfunctab=ENTRY -k \
  C:\Users\Yan\AppData\Local\Temp\xcAs6sk.\driver_tmp_12.o \
  dist/default/production\Lista_13.production.o 

Object code version is 3.11

Machine type is 16F877



                Name                               Link     Load   Length Selector   Space Scale
C:\Users\Yan\AppData\Local\Temp\xcAs6sk.\driver_tmp_12.o
                end_init                              0        0        3        0       0
dist/default/production\Lista_13.production.o
                cinit                               7FC      7FC        4      FF8       0
                text13                              798      798       64      F30       0
                text12                              66B      66B       36      CD6       0
                text11                              5A4      5A4        8      B48       0
                text10                              5AC      5AC        8      B58       0
                text9                               5D9      5D9       15      BB2       0
                text8                               645      645       26      C8A       0
                text7                               6DD      6DD       59      DBA       0
                text6                               5EE      5EE       1B      BDC       0
                text5                               5B4      5B4       12      B68       0
                text4                               736      736       62      E6C       0
                text3                               5C6      5C6       13      B8C       0
                text2                               609      609       1C      C12       0
                text1                               625      625       20      C4A       0
                maintext                            6A1      6A1       3C      D42       0
                cstackBANK0                          20       20        8       20       1
                cstackCOMMON                         70       70        E       70       1
                strings                               3        3       19        6       0

TOTAL           Name                               Link     Load   Length     Space
        CLASS   CODE           
                end_init                              0        0        3         0
                cinit                               7FC      7FC        4         0
                text13                              798      798       64         0
                text12                              66B      66B       36         0
                text11                              5A4      5A4        8         0
                text10                              5AC      5AC        8         0
                text9                               5D9      5D9       15         0
                text8                               645      645       26         0
                text7                               6DD      6DD       59         0
                text6                               5EE      5EE       1B         0
                text5                               5B4      5B4       12         0
                text4                               736      736       62         0
                text3                               5C6      5C6       13         0
                text2                               609      609       1C         0
                text1                               625      625       20         0
                maintext                            6A1      6A1       3C         0

        CLASS   STRCODE        

        CLASS   STRING         
                strings                               3        3       19         0

        CLASS   CONST          

        CLASS   ENTRY          

        CLASS   COMMON         
                cstackCOMMON                         70       70        E         1

        CLASS   BANK0          
                cstackBANK0                          20       20        8         1

        CLASS   BANK1          

        CLASS   BANK2          

        CLASS   BANK3          

        CLASS   RAM            

        CLASS   ABS1           
                abs_s1                               7E       7E        2         1

        CLASS   SFR0           

        CLASS   SFR1           

        CLASS   SFR2           

        CLASS   SFR3           

        CLASS   CONFIG         

        CLASS   IDLOC          

        CLASS   EEDATA         

        CLASS   HEAP           

        CLASS   STACK          



SEGMENTS        Name                           Load    Length   Top    Selector   Space  Class     Delta

                reset_vec                      000000  000003  000003         0       0  CODE        2
                strings                        000003  000019  00001C         6       0  STRING      2
                cstackBANK0                    000020  000008  000028        20       1  BANK0       1
                cstackCOMMON                   000070  00000E  00007E        70       1  COMMON      1
                text11                         0005A4  000008  0005AC       B48       0  CODE        2
                text10                         0005AC  000008  0005B4       B58       0  CODE        2
                text5                          0005B4  000012  0005C6       B68       0  CODE        2
                text3                          0005C6  000013  0005D9       B8C       0  CODE        2
                text9                          0005D9  000015  0005EE       BB2       0  CODE        2
                text6                          0005EE  00001B  000609       BDC       0  CODE        2
                text2                          000609  00001C  000625       C12       0  CODE        2
                text1                          000625  000020  000645       C4A       0  CODE        2
                text8                          000645  000026  00066B       C8A       0  CODE        2
                text12                         00066B  000036  0006A1       CD6       0  CODE        2
                maintext                       0006A1  00003C  0006DD       D42       0  CODE        2
                text7                          0006DD  000059  000736       DBA       0  CODE        2
                text4                          000736  000062  000798       E6C       0  CODE        2
                text13                         000798  000064  0007FC       F30       0  CODE        2
                cinit                          0007FC  000004  000800       FF8       0  CODE        2


UNUSED ADDRESS RANGES

        Name                Unused          Largest block    Delta
        BANK0            0028-006F             48           1
        BANK1            00A0-00EF             50           1
        BANK2            0110-016F             60           1
        BANK3            0190-01EF             60           1
        CODE             001C-05A3            588           2
                         0800-1FFF            800
        CONFIG           2007-2007              1           2
        CONST            001C-05A3            100           2
                         0800-1FFF            100
        EEDATA           2100-21FF            100           2
        ENTRY            001C-05A3            100           2
                         0800-1FFF            100
        IDLOC            2000-2003              4           2
        RAM              0028-006F             48           1
                         00A0-00EF             50
                         0110-016F             60
                         0190-01EF             60
        SFR0             0000-001F             20           1
        SFR1             0080-009F             20           1
        SFR2             0100-010F             10           1
        SFR3             0180-018F             10           1
        STRCODE          001C-05A3            588           2
                         0800-1FFF           1800
        STRING           001C-05A3            100           2
                         0800-1FFF            100

                                  Symbol Table

?___lldiv                 cstackCOMMON 0070
I2C_Master_Init@c         cstackBANK0  0020
I2C_Master_Write@data     cstackCOMMON 0070
LCD_backlight@data        cstackCOMMON 0074
LCD_backlight@state       cstackCOMMON 0071
LCD_command@cmd           cstackCOMMON 007A
LCD_data@data             cstackCOMMON 007A
LCD_print@str             cstackCOMMON 007B
LCD_sendByte@byte         cstackCOMMON 0077
LCD_sendByte@rs           cstackCOMMON 0075
LCD_sendNibble@data       cstackCOMMON 0074
LCD_sendNibble@nibble     cstackCOMMON 0073
LCD_sendNibble@rs         cstackCOMMON 0071
LCD_setCursor@coluna      cstackCOMMON 007B
LCD_setCursor@linha       cstackBANK0  0020
LCD_setCursor@pos         cstackBANK0  0023
_BF                       (abs)        04A0
_I2C_Master_Init          text12       066B
_I2C_Master_Start         text11       05A4
_I2C_Master_Stop          text10       05AC
_I2C_Master_Write         text9        05D9
_LCD_backlight            text8        0645
_LCD_backlight$132        cstackCOMMON 0072
_LCD_command              text5        05B4
_LCD_data                 text3        05C6
_LCD_init                 text4        0736
_LCD_print                text2        0609
_LCD_sendByte             text6        05EE
_LCD_sendNibble           text7        06DD
_LCD_setCursor            text1        0625
_LCD_setCursor$125        cstackBANK0  0021
_PEN                      (abs)        048A
_SEN                      (abs)        0488
_SSPADD                   (abs)        0093
_SSPBUF                   (abs)        0013
_SSPCON                   (abs)        0014
_SSPCON2                  (abs)        0091
_SSPCON2bits              (abs)        0091
_SSPSTAT                  (abs)        0094
__H__absolute__           __absolute__ 0000
__Habs1                   abs1         0000
__Hbank0                  bank0        0000
__Hbank1                  bank1        0000
__Hbank2                  bank2        0000
__Hbank3                  bank3        0000
__Hcinit                  cinit        0800
__Hclrtext                clrtext      0000
__Hcode                   code         0000
__Hcommon                 common       0000
__HcstackBANK0            cstackBANK0  0000
__HcstackCOMMON           cstackCOMMON 0000
__Heeprom_data            eeprom_data  0000
__Hend_init               end_init     0003
__Hfunctab                functab      0000
__Hheap                   heap         0000
__Hinit                   init         0000
__Hintentry               intentry     0000
__Hmaintext               maintext     0000
__Hpowerup                powerup      0000
__Hram                    ram          0000
__Hreset_vec              reset_vec    0000
__Hsfr0                   sfr0         0000
__Hsfr1                   sfr1         0000
__Hsfr2                   sfr2         0000
__Hsfr3                   sfr3         0000
__Hsivt                   sivt         0000
__Hspace_0                (abs)        0800
__Hspace_1                (abs)        007E
__Hspace_2                (abs)        0000
__Hspace_3                (abs)        0000
__Hstack                  stack        0000
__Hstrings                strings      0000
__Htext                   text         0000
__L__absolute__           __absolute__ 0000
__Labs1                   abs1         0000
__Lbank0                  bank0        0000
__Lbank1                  bank1        0000
__Lbank2                  bank2        0000
__Lbank3                  bank3        0000
__Lcinit                  cinit        07FC
__Lclrtext                clrtext      0000
__Lcode                   code         0000
__Lcommon                 common       0000
__LcstackBANK0            cstackBANK0  0000
__LcstackCOMMON           cstackCOMMON 0000
__Leeprom_data            eeprom_data  0000
__Lend_init               end_init     0000
__Lfunctab                functab      0000
__Lheap                   heap         0000
__Linit                   init         0000
__Lintentry               intentry     0000
__Lmaintext               maintext     0000
__Lpowerup                powerup      0000
__Lram                    ram          0000
__Lreset_vec              reset_vec    0000
__Lsfr0                   sfr0         0000
__Lsfr1                   sfr1         0000
__Lsfr2                   sfr2         0000
__Lsfr3                   sfr3         0000
__Lsivt                   sivt         0000
__Lspace_0                (abs)        0000
__Lspace_1                (abs)        0000
__Lspace_2                (abs)        0000
__Lspace_3                (abs)        0000
__Lstack                  stack        0000
__Lstrings                strings      0000
__Ltext                   text         0000
__S0                      (abs)        0800
__S1                      (abs)        007E
__S3                      (abs)        0000
___heap_hi                (abs)        0000
___heap_lo                (abs)        0000
___int_sp                 stack        0000
___int_stack_hi           stack        0000
___int_stack_lo           stack        0000
___latbits                (abs)        0002
___lldiv                  text13       0798
___lldiv@counter          cstackCOMMON 007D
___lldiv@dividend         cstackCOMMON 0074
___lldiv@divisor          cstackCOMMON 0070
___lldiv@quotient         cstackCOMMON 0079
___sp                     stack        0000
___stack_hi               stack        0000
___stack_lo               stack        0000
___stackhi                (abs)        0000
___stacklo                (abs)        0000
__end_of_I2C_Master_Init  text12       06A1
__end_of_I2C_Master_Start text11       05AC
__end_of_I2C_Master_Stop  text10       05B4
__end_of_I2C_Master_Write text9        05EE
__end_of_LCD_backlight    text8        066B
__end_of_LCD_command      text5        05C6
__end_of_LCD_data         text3        05D9
__end_of_LCD_init         text4        0798
__end_of_LCD_print        text2        0625
__end_of_LCD_sendByte     text6        0609
__end_of_LCD_sendNibble   text7        0736
__end_of_LCD_setCursor    text1        0645
__end_of___lldiv          text13       07FC
__end_of__initialization  cinit        07FC
__end_of__stringtab       strings      0009
__end_of_main             maintext     06DD
__initialization          cinit        07FC
__pcstackBANK0            cstackBANK0  0020
__pcstackCOMMON           cstackCOMMON 0070
__pmaintext               maintext     06A1
__pstrings                strings      0003
__ptext1                  text1        0625
__ptext10                 text10       05AC
__ptext11                 text11       05A4
__ptext12                 text12       066B
__ptext13                 text13       0798
__ptext2                  text2        0609
__ptext3                  text3        05C6
__ptext4                  text4        0736
__ptext5                  text5        05B4
__ptext6                  text6        05EE
__ptext7                  text7        06DD
__ptext8                  text8        0645
__ptext9                  text9        05D9
__stringbase              strings      0008
__stringtab               strings      0003
_main                     maintext     06A1
btemp                     (abs)        007E
end_of_initialization     cinit        07FC
intlevel0                 functab      0000
intlevel1                 functab      0000
intlevel2                 functab      0000
intlevel3                 functab      0000
intlevel4                 functab      0000
intlevel5                 functab      0000
reset_vec                 reset_vec    0000
start                     init         0000
start_initialization      cinit        07FC
wtemp0                    (abs)        007E


MODULE INFORMATION

Module		Function		Class		Link	Load	Size
atividade13.c
		_LCD_print     		CODE           	0609	0000	28
		_I2C_Master_Init		CODE           	066B	0000	54
		_I2C_Master_Stop		CODE           	05AC	0000	8
		_main          		CODE           	06A1	0000	60
		_LCD_init      		CODE           	0736	0000	98
		_LCD_command   		CODE           	05B4	0000	18
		_LCD_sendByte  		CODE           	05EE	0000	27
		_LCD_data      		CODE           	05C6	0000	19
		_I2C_Master_Write		CODE           	05D9	0000	21
		_LCD_sendNibble		CODE           	06DD	0000	89
		_LCD_setCursor 		CODE           	0625	0000	32
		_LCD_backlight 		CODE           	0645	0000	38
		_I2C_Master_Start		CODE           	05A4	0000	8

atividade13.c estimated size: 500

C:\Program Files\Microchip\xc8\v2.50\pic\sources\c99\common\__lldiv.c
		___lldiv       		CODE           	0798	0000	100

C:\Program Files\Microchip\xc8\v2.50\pic\sources\c99\common\__lldiv.c estimated size: 100

shared
		__stringtab    		STRING         	0003	0000	6
		__initialization		CODE           	07FC	0000	1

shared estimated size: 7

